Archive member included to satisfy reference by file (symbol)

/home/arshiyan-tarique/STM32CubeCLT/GNU-tools-for-STM32/bin/../lib/gcc/arm-none-eabi/13.3.1/../../../../arm-none-eabi/lib/thumb/v7e-m+fp/hard/libg_nano.a(libc_a-exit.o)
                              /home/arshiyan-tarique/STM32CubeCLT/GNU-tools-for-STM32/bin/../lib/gcc/arm-none-eabi/13.3.1/../../../../arm-none-eabi/lib/thumb/v7e-m+fp/hard/crt0.o (exit)
/home/arshiyan-tarique/STM32CubeCLT/GNU-tools-for-STM32/bin/../lib/gcc/arm-none-eabi/13.3.1/../../../../arm-none-eabi/lib/thumb/v7e-m+fp/hard/libg_nano.a(libc_a-findfp.o)
                              /home/arshiyan-tarique/STM32CubeCLT/GNU-tools-for-STM32/bin/../lib/gcc/arm-none-eabi/13.3.1/../../../../arm-none-eabi/lib/thumb/v7e-m+fp/hard/libg_nano.a(libc_a-exit.o) (__stdio_exit_handler)
/home/arshiyan-tarique/STM32CubeCLT/GNU-tools-for-STM32/bin/../lib/gcc/arm-none-eabi/13.3.1/../../../../arm-none-eabi/lib/thumb/v7e-m+fp/hard/libg_nano.a(libc_a-fwalk.o)
                              /home/arshiyan-tarique/STM32CubeCLT/GNU-tools-for-STM32/bin/../lib/gcc/arm-none-eabi/13.3.1/../../../../arm-none-eabi/lib/thumb/v7e-m+fp/hard/libg_nano.a(libc_a-findfp.o) (_fwalk_sglue)
/home/arshiyan-tarique/STM32CubeCLT/GNU-tools-for-STM32/bin/../lib/gcc/arm-none-eabi/13.3.1/../../../../arm-none-eabi/lib/thumb/v7e-m+fp/hard/libg_nano.a(libc_a-stdio.o)
                              /home/arshiyan-tarique/STM32CubeCLT/GNU-tools-for-STM32/bin/../lib/gcc/arm-none-eabi/13.3.1/../../../../arm-none-eabi/lib/thumb/v7e-m+fp/hard/libg_nano.a(libc_a-findfp.o) (__sread)
/home/arshiyan-tarique/STM32CubeCLT/GNU-tools-for-STM32/bin/../lib/gcc/arm-none-eabi/13.3.1/../../../../arm-none-eabi/lib/thumb/v7e-m+fp/hard/libg_nano.a(libc_a-vsnprintf.o)
                              CMakeFiles/LAB8_Task2.dir/Core/Src/main.c.obj (vsnprintf)
/home/arshiyan-tarique/STM32CubeCLT/GNU-tools-for-STM32/bin/../lib/gcc/arm-none-eabi/13.3.1/../../../../arm-none-eabi/lib/thumb/v7e-m+fp/hard/libg_nano.a(libc_a-memset.o)
                              /home/arshiyan-tarique/STM32CubeCLT/GNU-tools-for-STM32/bin/../lib/gcc/arm-none-eabi/13.3.1/../../../../arm-none-eabi/lib/thumb/v7e-m+fp/hard/crt0.o (memset)
/home/arshiyan-tarique/STM32CubeCLT/GNU-tools-for-STM32/bin/../lib/gcc/arm-none-eabi/13.3.1/../../../../arm-none-eabi/lib/thumb/v7e-m+fp/hard/libg_nano.a(libc_a-closer.o)
                              /home/arshiyan-tarique/STM32CubeCLT/GNU-tools-for-STM32/bin/../lib/gcc/arm-none-eabi/13.3.1/../../../../arm-none-eabi/lib/thumb/v7e-m+fp/hard/libg_nano.a(libc_a-stdio.o) (_close_r)
/home/arshiyan-tarique/STM32CubeCLT/GNU-tools-for-STM32/bin/../lib/gcc/arm-none-eabi/13.3.1/../../../../arm-none-eabi/lib/thumb/v7e-m+fp/hard/libg_nano.a(libc_a-reent.o)
                              /home/arshiyan-tarique/STM32CubeCLT/GNU-tools-for-STM32/bin/../lib/gcc/arm-none-eabi/13.3.1/../../../../arm-none-eabi/lib/thumb/v7e-m+fp/hard/libg_nano.a(libc_a-closer.o) (errno)
/home/arshiyan-tarique/STM32CubeCLT/GNU-tools-for-STM32/bin/../lib/gcc/arm-none-eabi/13.3.1/../../../../arm-none-eabi/lib/thumb/v7e-m+fp/hard/libg_nano.a(libc_a-impure.o)
                              /home/arshiyan-tarique/STM32CubeCLT/GNU-tools-for-STM32/bin/../lib/gcc/arm-none-eabi/13.3.1/../../../../arm-none-eabi/lib/thumb/v7e-m+fp/hard/libg_nano.a(libc_a-vsnprintf.o) (_impure_ptr)
/home/arshiyan-tarique/STM32CubeCLT/GNU-tools-for-STM32/bin/../lib/gcc/arm-none-eabi/13.3.1/../../../../arm-none-eabi/lib/thumb/v7e-m+fp/hard/libg_nano.a(libc_a-lseekr.o)
                              /home/arshiyan-tarique/STM32CubeCLT/GNU-tools-for-STM32/bin/../lib/gcc/arm-none-eabi/13.3.1/../../../../arm-none-eabi/lib/thumb/v7e-m+fp/hard/libg_nano.a(libc_a-stdio.o) (_lseek_r)
/home/arshiyan-tarique/STM32CubeCLT/GNU-tools-for-STM32/bin/../lib/gcc/arm-none-eabi/13.3.1/../../../../arm-none-eabi/lib/thumb/v7e-m+fp/hard/libg_nano.a(libc_a-readr.o)
                              /home/arshiyan-tarique/STM32CubeCLT/GNU-tools-for-STM32/bin/../lib/gcc/arm-none-eabi/13.3.1/../../../../arm-none-eabi/lib/thumb/v7e-m+fp/hard/libg_nano.a(libc_a-stdio.o) (_read_r)
/home/arshiyan-tarique/STM32CubeCLT/GNU-tools-for-STM32/bin/../lib/gcc/arm-none-eabi/13.3.1/../../../../arm-none-eabi/lib/thumb/v7e-m+fp/hard/libg_nano.a(libc_a-writer.o)
                              /home/arshiyan-tarique/STM32CubeCLT/GNU-tools-for-STM32/bin/../lib/gcc/arm-none-eabi/13.3.1/../../../../arm-none-eabi/lib/thumb/v7e-m+fp/hard/libg_nano.a(libc_a-stdio.o) (_write_r)
/home/arshiyan-tarique/STM32CubeCLT/GNU-tools-for-STM32/bin/../lib/gcc/arm-none-eabi/13.3.1/../../../../arm-none-eabi/lib/thumb/v7e-m+fp/hard/libg_nano.a(libc_a-errno.o)
                              CMakeFiles/LAB8_Task2.dir/Core/Src/sysmem.c.obj (__errno)
/home/arshiyan-tarique/STM32CubeCLT/GNU-tools-for-STM32/bin/../lib/gcc/arm-none-eabi/13.3.1/../../../../arm-none-eabi/lib/thumb/v7e-m+fp/hard/libg_nano.a(libc_a-init.o)
[...]
Memory Configuration

Name             Origin             Length             Attributes
RAM              0x20000000         0x0000a000         xrw
CCMRAM           0x10000000         0x00002000         xrw
FLASH            0x08000000         0x00040000         xr
*default*        0x00000000         0xffffffff

Linker script and memory map

LOAD /home/arshiyan-tarique/STM32CubeCLT/GNU-tools-for-STM32/bin/../lib/gcc/arm-none-eabi/13.3.1/thumb/v7e-m+fp/hard/crti.o
LOAD /home/arshiyan-tarique/STM32CubeCLT/GNU-tools-for-STM32/bin/../lib/gcc/arm-none-eabi/13.3.1/thumb/v7e-m+fp/hard/crtbegin.o
LOAD /home/arshiyan-tarique/STM32CubeCLT/GNU-tools-for-STM32/bin/../lib/gcc/arm-none-eabi/13.3.1/../../../../arm-none-eabi/lib/thumb/v7e-m+fp/hard/crt0.o
LOAD cmake/stm32cubemx/CMakeFiles/STM32_Drivers.dir/__/__/Core/Src/system_stm32f3xx.c.obj
LOAD cmake/stm32cubemx/CMakeFiles/STM32_Drivers.dir/__/__/Drivers/STM32F3xx_HAL_Driver/Src/stm32f3xx_ll_usb.c.obj
LOAD cmake/stm32cubemx/CMakeFiles/STM32_Drivers.dir/__/__/Drivers/STM32F3xx_HAL_Driver/Src/stm32f3xx_hal_i2c.c.obj
LOAD cmake/stm32cubemx/CMakeFiles/STM32_Drivers.dir/__/__/Drivers/STM32F3xx_HAL_Driver/Src/stm32f3xx_hal_i2c_ex.c.obj
LOAD cmake/stm32cubemx/CMakeFiles/STM32_Drivers.dir/__/__/Drivers/STM32F3xx_HAL_Driver/Src/stm32f3xx_hal.c.obj
LOAD cmake/stm32cubemx/CMakeFiles/STM32_Drivers.dir/__/__/Drivers/STM32F3xx_HAL_Driver/Src/stm32f3xx_hal_rcc.c.obj
LOAD cmake/stm32cubemx/CMakeFiles/STM32_Drivers.dir/__/__/Drivers/STM32F3xx_HAL_Driver/Src/stm32f3xx_hal_rcc_ex.c.obj
LOAD cmake/stm32cubemx/CMakeFiles/STM32_Drivers.dir/__/__/Drivers/STM32F3xx_HAL_Driver/Src/stm32f3xx_hal_gpio.c.obj
LOAD cmake/stm32cubemx/CMakeFiles/STM32_Drivers.dir/__/__/Drivers/STM32F3xx_HAL_Driver/Src/stm32f3xx_hal_dma.c.obj
LOAD cmake/stm32cubemx/CMakeFiles/STM32_Drivers.dir/__/__/Drivers/STM32F3xx_HAL_Driver/Src/stm32f3xx_hal_cortex.c.obj
LOAD cmake/stm32cubemx/CMakeFiles/STM32_Drivers.dir/__/__/Drivers/STM32F3xx_HAL_Driver/Src/stm32f3xx_hal_pwr.c.obj
LOAD cmake/stm32cubemx/CMakeFiles/STM32_Drivers.dir/__/__/Drivers/STM32F3xx_HAL_Driver/Src/stm32f3xx_hal_pwr_ex.c.obj
LOAD cmake/stm32cubemx/CMakeFiles/STM32_Drivers.dir/__/__/Drivers/STM32F3xx_HAL_Driver/Src/stm32f3xx_hal_flash.c.obj
LOAD cmake/stm32cubemx/CMakeFiles/STM32_Drivers.dir/__/__/Drivers/STM32F3xx_HAL_Driver/Src/stm32f3xx_hal_flash_ex.c.obj
LOAD cmake/stm32cubemx/CMakeFiles/STM32_Drivers.dir/__/__/Drivers/STM32F3xx_HAL_Driver/Src/stm32f3xx_hal_exti.c.obj
LOAD cmake/stm32cubemx/CMakeFiles/STM32_Drivers.dir/__/__/Drivers/STM32F3xx_HAL_Driver/Src/stm32f3xx_hal_spi.c.obj
LOAD cmake/stm32cubemx/CMakeFiles/STM32_Drivers.dir/__/__/Drivers/STM32F3xx_HAL_Driver/Src/stm32f3xx_hal_spi_ex.c.obj
LOAD cmake/stm32cubemx/CMakeFiles/STM32_Drivers.dir/__/__/Drivers/STM32F3xx_HAL_Driver/Src/stm32f3xx_hal_uart.c.obj
LOAD cmake/stm32cubemx/CMakeFiles/STM32_Drivers.dir/__/__/Drivers/STM32F3xx_HAL_Driver/Src/stm32f3xx_hal_uart_ex.c.obj
LOAD cmake/stm32cubemx/CMakeFiles/STM32_Drivers.dir/__/__/Drivers/STM32F3xx_HAL_Driver/Src/stm32f3xx_hal_pcd.c.obj
LOAD cmake/stm32cubemx/CMakeFiles/STM32_Drivers.dir/__/__/Drivers/STM32F3xx_HAL_Driver/Src/stm32f3xx_hal_pcd_ex.c.obj
LOAD CMakeFiles/LAB8_Task2.dir/Core/Src/main.c.obj
LOAD CMakeFiles/LAB8_Task2.dir/Core/Src/stm32f3xx_it.c.obj
LOAD CMakeFiles/LAB8_Task2.dir/Core/Src/stm32f3xx_hal_msp.c.obj
LOAD CMakeFiles/LAB8_Task2.dir/Core/Src/sysmem.c.obj
LOAD CMakeFiles/LAB8_Task2.dir/Core/Src/syscalls.c.obj
LOAD CMakeFiles/LAB8_Task2.dir/startup_stm32f303xc.s.obj
LOAD /home/arshiyan-tarique/STM32CubeCLT/GNU-tools-for-STM32/bin/../lib/gcc/arm-none-eabi/13.3.1/../../../../arm-none-eabi/lib/thumb/v7e-m+fp/hard/libm.a
START GROUP
LOAD /home/arshiyan-tarique/STM32CubeCLT/GNU-tools-for-STM32/bin/../lib/gcc/arm-none-eabi/13.3.1/thumb/v7e-m+fp/hard/libgcc.a
LOAD /home/arshiyan-tarique/STM32CubeCLT/GNU-tools-for-STM32/bin/../lib/gcc/arm-none-eabi/13.3.1/../../../../arm-none-eabi/lib/thumb/v7e-m+fp/hard/libg_nano.a
LOAD /home/arshiyan-tarique/STM32CubeCLT/GNU-tools-for-STM32/bin/../lib/gcc/arm-none-eabi/13.3.1/../../../../arm-none-eabi/lib/thumb/v7e-m+fp/hard/libc_nano.a
END GROUP
START GROUP
LOAD /home/arshiyan-tarique/STM32CubeCLT/GNU-tools-for-STM32/bin/../lib/gcc/arm-none-eabi/13.3.1/thumb/v7e-m+fp/hard/libgcc.a
LOAD /home/arshiyan-tarique/STM32CubeCLT/GNU-tools-for-STM32/bin/../lib/gcc/arm-none-eabi/13.3.1/../../../../arm-none-eabi/lib/thumb/v7e-m+fp/hard/libc_nano.a
END GROUP
LOAD /home/arshiyan-tarique/STM32CubeCLT/GNU-tools-for-STM32/bin/../lib/gcc/arm-none-eabi/13.3.1/thumb/v7e-m+fp/hard/crtend.o
LOAD /home/arshiyan-tarique/STM32CubeCLT/GNU-tools-for-STM32/bin/../lib/gcc/arm-none-eabi/13.3.1/thumb/v7e-m+fp/hard/crtn.o
                0x2000a000                        _estack = (ORIGIN (RAM) + LENGTH (RAM))
                0x00000200                        _Min_Heap_Size = 0x200
                0x00000400                        _Min_Stack_Size = 0x400

.isr_vector     0x08000000      0x188
                0x08000000                        . = ALIGN (0x4)
 *(.isr_vector)
 .isr_vector    0x08000000      0x188 CMakeFiles/LAB8_Task2.dir/startup_stm32f303xc.s.obj
                0x08000000                g_pfnVectors
                0x08000188                        . = ALIGN (0x4)

.text           0x08000190     0x4fd4
                0x08000190                        . = ALIGN (0x4)
 *(.text)
 .text          0x08000190       0x40 /home/arshiyan-tarique/STM32CubeCLT/GNU-tools-for-STM32/bin/../lib/gcc/arm-none-eabi/13.3.1/thumb/v7e-m+fp/hard/crtbegin.o
 .text          0x080001d0       0x10 /home/arshiyan-tarique/STM32CubeCLT/GNU-tools-for-STM32/bin/../lib/gcc/arm-none-eabi/13.3.1/../../../../arm-none-eabi/lib/thumb/v7e-m+fp/hard/libg_nano.a(libc_a-strlen.o)
                0x080001d0                strlen
 .text          0x080001e0       0xa0 /home/arshiyan-tarique/STM32CubeCLT/GNU-tools-for-STM32/bin/../lib/gcc/arm-none-eabi/13.3.1/../../../../arm-none-eabi/lib/thumb/v7e-m+fp/hard/libg_nano.a(libc_a-memchr.o)
                0x080001e0                memchr
 *(.text*)
 .text.SystemInit
                0x08000280       0x24 cmake/stm32cubemx/CMakeFiles/STM32_Drivers.dir/__/__/Core/Src/system_stm32f3xx.c.obj
                0x08000280                SystemInit
 .text.USB_DisableGlobalInt
                0x080002a4       0x36 cmake/stm32cubemx/CMakeFiles/STM32_Drivers.dir/__/__/Drivers/STM32F3xx_HAL_Driver/Src/stm32f3xx_ll_usb.c.obj
                0x080002a4                USB_DisableGlobalInt
 .text.USB_DevInit
                0x080002da       0x3c cmake/stm32cubemx/CMakeFiles/STM32_Drivers.dir/__/__/Drivers/STM32F3xx_HAL_Driver/Src/stm32f3xx_ll_usb.c.obj
                0x080002da                USB_DevInit
 .text.HAL_I2C_Init
                0x08000316      0x136 cmake/stm32cubemx/CMakeFiles/STM32_Drivers.dir/__/__/Drivers/STM32F3xx_HAL_Driver/Src/stm32f3xx_hal_i2c.c.obj
                0x08000316                HAL_I2C_Init
 .text.HAL_I2CEx_ConfigAnalogFilter
                0x0800044c       0x96 cmake/stm32cubemx/CMakeFiles/STM32_Drivers.dir/__/__/Drivers/STM32F3xx_HAL_Driver/Src/stm32f3xx_hal_i2c_ex.c.obj
                0x0800044c                HAL_I2CEx_ConfigAnalogFilter
 .text.HAL_I2CEx_ConfigDigitalFilter
                0x080004e2       0x98 cmake/stm32cubemx/CMakeFiles/STM32_Drivers.dir/__/__/Drivers/STM32F3xx_HAL_Driver/Src/stm32f3xx_hal_i2c_ex.c.obj
                0x080004e2                HAL_I2CEx_ConfigDigitalFilter
 *fill*         0x0800057a        0x2 
 .text.HAL_Init
                0x0800057c       0x2c cmake/stm32cubemx/CMakeFiles/STM32_Drivers.dir/__/__/Drivers/STM32F3xx_HAL_Driver/Src/stm32f3xx_hal.c.obj
                0x0800057c                HAL_Init
 .text.HAL_InitTick
                0x080005a8       0x60 cmake/stm32cubemx/CMakeFiles/STM32_Drivers.dir/__/__/Drivers/STM32F3xx_HAL_Driver/Src/stm32f3xx_hal.c.obj
                0x080005a8                HAL_InitTick
 .text.HAL_IncTick
                0x08000608       0x28 cmake/stm32cubemx/CMakeFiles/STM32_Drivers.dir/__/__/Drivers/STM32F3xx_HAL_Driver/Src/stm32f3xx_hal.c.obj
                0x08000608                HAL_IncTick
 .text.HAL_GetTick
                0x08000630       0x18 cmake/stm32cubemx/CMakeFiles/STM32_Drivers.dir/__/__/Drivers/STM32F3xx_HAL_Driver/Src/stm32f3xx_hal.c.obj
                0x08000630                HAL_GetTick
 .text.HAL_Delay
                0x08000648       0x48 cmake/stm32cubemx/CMakeFiles/STM32_Drivers.dir/__/__/Drivers/STM32F3xx_HAL_Driver/Src/stm32f3xx_hal.c.obj
                0x08000648                HAL_Delay
 .text.HAL_RCC_OscConfig
                0x08000690     0x101c cmake/stm32cubemx/CMakeFiles/STM32_Drivers.dir/__/__/Drivers/STM32F3xx_HAL_Driver/Src/stm32f3xx_hal_rcc.c.obj
                0x08000690                HAL_RCC_OscConfig
 .text.HAL_RCC_ClockConfig
                0x080016ac      0x2dc cmake/stm32cubemx/CMakeFiles/STM32_Drivers.dir/__/__/Drivers/STM32F3xx_HAL_Driver/Src/stm32f3xx_hal_rcc.c.obj
                0x080016ac                HAL_RCC_ClockConfig
 .text.HAL_RCC_GetSysClockFreq
                0x08001988       0xa8 cmake/stm32cubemx/CMakeFiles/STM32_Drivers.dir/__/__/Drivers/STM32F3xx_HAL_Driver/Src/stm32f3xx_hal_rcc.c.obj
                0x08001988                HAL_RCC_GetSysClockFreq
 .text.HAL_RCC_GetHCLKFreq
                0x08001a30       0x18 cmake/stm32cubemx/CMakeFiles/STM32_Drivers.dir/__/__/Drivers/STM32F3xx_HAL_Driver/Src/stm32f3xx_hal_rcc.c.obj
                0x08001a30                HAL_RCC_GetHCLKFreq
 .text.HAL_RCC_GetPCLK1Freq
                0x08001a48       0x44 cmake/stm32cubemx/CMakeFiles/STM32_Drivers.dir/__/__/Drivers/STM32F3xx_HAL_Driver/Src/stm32f3xx_hal_rcc.c.obj
                0x08001a48                HAL_RCC_GetPCLK1Freq
 .text.HAL_RCC_GetPCLK2Freq
                0x08001a8c       0x44 cmake/stm32cubemx/CMakeFiles/STM32_Drivers.dir/__/__/Drivers/STM32F3xx_HAL_Driver/Src/stm32f3xx_hal_rcc.c.obj
                0x08001a8c                HAL_RCC_GetPCLK2Freq
 .text.HAL_RCCEx_PeriphCLKConfig
                0x08001ad0      0x35c cmake/stm32cubemx/CMakeFiles/STM32_Drivers.dir/__/__/Drivers/STM32F3xx_HAL_Driver/Src/stm32f3xx_hal_rcc_ex.c.obj
                0x08001ad0                HAL_RCCEx_PeriphCLKConfig
 .text.HAL_GPIO_Init
                0x08001e2c      0x2f4 cmake/stm32cubemx/CMakeFiles/STM32_Drivers.dir/__/__/Drivers/STM32F3xx_HAL_Driver/Src/stm32f3xx_hal_gpio.c.obj
                0x08001e2c                HAL_GPIO_Init
 .text.HAL_GPIO_WritePin
                0x08002120       0x30 cmake/stm32cubemx/CMakeFiles/STM32_Drivers.dir/__/__/Drivers/STM32F3xx_HAL_Driver/Src/stm32f3xx_hal_gpio.c.obj
                0x08002120                HAL_GPIO_WritePin
 .text.HAL_DMA_Abort_IT
                0x08002150       0x7c cmake/stm32cubemx/CMakeFiles/STM32_Drivers.dir/__/__/Drivers/STM32F3xx_HAL_Driver/Src/stm32f3xx_hal_dma.c.obj
                0x08002150                HAL_DMA_Abort_IT
 .text.__NVIC_SetPriorityGrouping
                0x080021cc       0x48 cmake/stm32cubemx/CMakeFiles/STM32_Drivers.dir/__/__/Drivers/STM32F3xx_HAL_Driver/Src/stm32f3xx_hal_cortex.c.obj
 .text.__NVIC_GetPriorityGrouping
                0x08002214       0x1c cmake/stm32cubemx/CMakeFiles/STM32_Drivers.dir/__/__/Drivers/STM32F3xx_HAL_Driver/Src/stm32f3xx_hal_cortex.c.obj
 .text.__NVIC_EnableIRQ
                0x08002230       0x3c cmake/stm32cubemx/CMakeFiles/STM32_Drivers.dir/__/__/Drivers/STM32F3xx_HAL_Driver/Src/stm32f3xx_hal_cortex.c.obj
 .text.__NVIC_SetPriority
                0x0800226c       0x54 cmake/stm32cubemx/CMakeFiles/STM32_Drivers.dir/__/__/Drivers/STM32F3xx_HAL_Driver/Src/stm32f3xx_hal_cortex.c.obj
 .text.NVIC_EncodePriority
                0x080022c0       0x66 cmake/stm32cubemx/CMakeFiles/STM32_Drivers.dir/__/__/Drivers/STM32F3xx_HAL_Driver/Src/stm32f3xx_hal_cortex.c.obj
 *fill*         0x08002326        0x2 
 .text.SysTick_Config
                0x08002328       0x44 cmake/stm32cubemx/CMakeFiles/STM32_Drivers.dir/__/__/Drivers/STM32F3xx_HAL_Driver/Src/stm32f3xx_hal_cortex.c.obj
 .text.HAL_NVIC_SetPriorityGrouping
                0x0800236c       0x16 cmake/stm32cubemx/CMakeFiles/STM32_Drivers.dir/__/__/Drivers/STM32F3xx_HAL_Driver/Src/stm32f3xx_hal_cortex.c.obj
                0x0800236c                HAL_NVIC_SetPriorityGrouping
 .text.HAL_NVIC_SetPriority
                0x08002382       0x38 cmake/stm32cubemx/CMakeFiles/STM32_Drivers.dir/__/__/Drivers/STM32F3xx_HAL_Driver/Src/stm32f3xx_hal_cortex.c.obj
                0x08002382                HAL_NVIC_SetPriority
 .text.HAL_NVIC_EnableIRQ
                0x080023ba       0x1c cmake/stm32cubemx/CMakeFiles/STM32_Drivers.dir/__/__/Drivers/STM32F3xx_HAL_Driver/Src/stm32f3xx_hal_cortex.c.obj
                0x080023ba                HAL_NVIC_EnableIRQ
 .text.HAL_SYSTICK_Config
                0x080023d6       0x18 cmake/stm32cubemx/CMakeFiles/STM32_Drivers.dir/__/__/Drivers/STM32F3xx_HAL_Driver/Src/stm32f3xx_hal_cortex.c.obj
                0x080023d6                HAL_SYSTICK_Config
 .text.HAL_SPI_Init
                0x080023ee      0x156 cmake/stm32cubemx/CMakeFiles/STM32_Drivers.dir/__/__/Drivers/STM32F3xx_HAL_Driver/Src/stm32f3xx_hal_spi.c.obj
                0x080023ee                HAL_SPI_Init
 .text.HAL_SPI_Transmit
                0x08002544      0x2ea cmake/stm32cubemx/CMakeFiles/STM32_Drivers.dir/__/__/Drivers/STM32F3xx_HAL_Driver/Src/stm32f3xx_hal_spi.c.obj
                0x08002544                HAL_SPI_Transmit
 .text.HAL_SPI_Receive
                0x0800282e      0x26e cmake/stm32cubemx/CMakeFiles/STM32_Drivers.dir/__/__/Drivers/STM32F3xx_HAL_Driver/Src/stm32f3xx_hal_spi.c.obj
                0x0800282e                HAL_SPI_Receive
 .text.HAL_SPI_TransmitReceive
                0x08002a9c      0x444 cmake/stm32cubemx/CMakeFiles/STM32_Drivers.dir/__/__/Drivers/STM32F3xx_HAL_Driver/Src/stm32f3xx_hal_spi.c.obj
                0x08002a9c                HAL_SPI_TransmitReceive
 .text.HAL_SPI_IRQHandler
                0x08002ee0      0x200 cmake/stm32cubemx/CMakeFiles/STM32_Drivers.dir/__/__/Drivers/STM32F3xx_HAL_Driver/Src/stm32f3xx_hal_spi.c.obj
                0x08002ee0                HAL_SPI_IRQHandler
 .text.HAL_SPI_ErrorCallback
                0x080030e0       0x14 cmake/stm32cubemx/CMakeFiles/STM32_Drivers.dir/__/__/Drivers/STM32F3xx_HAL_Driver/Src/stm32f3xx_hal_spi.c.obj
                0x080030e0                HAL_SPI_ErrorCallback
 .text.SPI_DMAAbortOnError
                0x080030f4       0x2a cmake/stm32cubemx/CMakeFiles/STM32_Drivers.dir/__/__/Drivers/STM32F3xx_HAL_Driver/Src/stm32f3xx_hal_spi.c.obj
 *fill*         0x0800311e        0x2 
 .text.SPI_WaitFlagStateUntilTimeout
                0x08003120      0x110 cmake/stm32cubemx/CMakeFiles/STM32_Drivers.dir/__/__/Drivers/STM32F3xx_HAL_Driver/Src/stm32f3xx_hal_spi.c.obj
 .text.SPI_WaitFifoStateUntilTimeout
                0x08003230      0x12c cmake/stm32cubemx/CMakeFiles/STM32_Drivers.dir/__/__/Drivers/STM32F3xx_HAL_Driver/Src/stm32f3xx_hal_spi.c.obj
 .text.SPI_EndRxTransaction
                0x0800335c       0xb0 cmake/stm32cubemx/CMakeFiles/STM32_Drivers.dir/__/__/Drivers/STM32F3xx_HAL_Driver/Src/stm32f3xx_hal_spi.c.obj
 .text.SPI_EndRxTxTransaction
                0x0800340c       0x8c cmake/stm32cubemx/CMakeFiles/STM32_Drivers.dir/__/__/Drivers/STM32F3xx_HAL_Driver/Src/stm32f3xx_hal_spi.c.obj
 .text.HAL_UART_Init
                0x08003498       0x9c cmake/stm32cubemx/CMakeFiles/STM32_Drivers.dir/__/__/Drivers/STM32F3xx_HAL_Driver/Src/stm32f3xx_hal_uart.c.obj
                0x08003498                HAL_UART_Init
 .text.HAL_UART_Transmit
                0x08003534      0x112 cmake/stm32cubemx/CMakeFiles/STM32_Drivers.dir/__/__/Drivers/STM32F3xx_HAL_Driver/Src/stm32f3xx_hal_uart.c.obj
                0x08003534                HAL_UART_Transmit
 *fill*         0x08003646        0x2 
 .text.UART_SetConfig
                0x08003648      0x3a8 cmake/stm32cubemx/CMakeFiles/STM32_Drivers.dir/__/__/Drivers/STM32F3xx_HAL_Driver/Src/stm32f3xx_hal_uart.c.obj
                0x08003648                UART_SetConfig
 .text.UART_AdvFeatureConfig
                0x080039f0      0x144 cmake/stm32cubemx/CMakeFiles/STM32_Drivers.dir/__/__/Drivers/STM32F3xx_HAL_Driver/Src/stm32f3xx_hal_uart.c.obj
                0x080039f0                UART_AdvFeatureConfig
 .text.UART_CheckIdleState
                0x08003b34      0x150 cmake/stm32cubemx/CMakeFiles/STM32_Drivers.dir/__/__/Drivers/STM32F3xx_HAL_Driver/Src/stm32f3xx_hal_uart.c.obj
                0x08003b34                UART_CheckIdleState
 .text.UART_WaitOnFlagUntilTimeout
                0x08003c84       0xda cmake/stm32cubemx/CMakeFiles/STM32_Drivers.dir/__/__/Drivers/STM32F3xx_HAL_Driver/Src/stm32f3xx_hal_uart.c.obj
                0x08003c84                UART_WaitOnFlagUntilTimeout
 .text.UART_EndRxTransfer
                0x08003d5e       0xc8 cmake/stm32cubemx/CMakeFiles/STM32_Drivers.dir/__/__/Drivers/STM32F3xx_HAL_Driver/Src/stm32f3xx_hal_uart.c.obj
 .text.HAL_PCD_Init
                0x08003e26      0x18e cmake/stm32cubemx/CMakeFiles/STM32_Drivers.dir/__/__/Drivers/STM32F3xx_HAL_Driver/Src/stm32f3xx_hal_pcd.c.obj
                0x08003e26                HAL_PCD_Init
 .text.gyro_init
                0x08003fb4       0x40 CMakeFiles/LAB8_Task2.dir/Core/Src/main.c.obj
                0x08003fb4                gyro_init
 .text.print    0x08003ff4       0x4c CMakeFiles/LAB8_Task2.dir/Core/Src/main.c.obj
                0x08003ff4                print
 .text.main     0x08004040       0x84 CMakeFiles/LAB8_Task2.dir/Core/Src/main.c.obj
                0x08004040                main
 .text.SystemClock_Config
                0x080040c4       0xc8 CMakeFiles/LAB8_Task2.dir/Core/Src/main.c.obj
                0x080040c4                SystemClock_Config
 .text.MX_I2C1_Init
                0x0800418c       0x80 CMakeFiles/LAB8_Task2.dir/Core/Src/main.c.obj
 .text.MX_SPI1_Init
                0x0800420c       0x7c CMakeFiles/LAB8_Task2.dir/Core/Src/main.c.obj
 .text.MX_USART2_UART_Init
                0x08004288       0x60 CMakeFiles/LAB8_Task2.dir/Core/Src/main.c.obj
 .text.MX_USB_PCD_Init
                0x080042e8       0x44 CMakeFiles/LAB8_Task2.dir/Core/Src/main.c.obj
 .text.MX_GPIO_Init
                0x0800432c       0xfc CMakeFiles/LAB8_Task2.dir/Core/Src/main.c.obj
 .text.Error_Handler
                0x08004428        0xc CMakeFiles/LAB8_Task2.dir/Core/Src/main.c.obj
                0x08004428                Error_Handler
 .text.NMI_Handler
                0x08004434        0x8 CMakeFiles/LAB8_Task2.dir/Core/Src/stm32f3xx_it.c.obj
                0x08004434                NMI_Handler
 .text.HardFault_Handler
                0x0800443c        0x8 CMakeFiles/LAB8_Task2.dir/Core/Src/stm32f3xx_it.c.obj
                0x0800443c                HardFault_Handler
 .text.MemManage_Handler
                0x08004444        0x8 CMakeFiles/LAB8_Task2.dir/Core/Src/stm32f3xx_it.c.obj
                0x08004444                MemManage_Handler
 .text.BusFault_Handler
                0x0800444c        0x8 CMakeFiles/LAB8_Task2.dir/Core/Src/stm32f3xx_it.c.obj
                0x0800444c                BusFault_Handler
 .text.UsageFault_Handler
                0x08004454        0x8 CMakeFiles/LAB8_Task2.dir/Core/Src/stm32f3xx_it.c.obj
                0x08004454                UsageFault_Handler
 .text.SVC_Handler
                0x0800445c        0xe CMakeFiles/LAB8_Task2.dir/Core/Src/stm32f3xx_it.c.obj
                0x0800445c                SVC_Handler
 .text.DebugMon_Handler
                0x0800446a        0xe CMakeFiles/LAB8_Task2.dir/Core/Src/stm32f3xx_it.c.obj
                0x0800446a                DebugMon_Handler
 .text.PendSV_Handler
                0x08004478        0xe CMakeFiles/LAB8_Task2.dir/Core/Src/stm32f3xx_it.c.obj
                0x08004478                PendSV_Handler
 .text.SysTick_Handler
                0x08004486        0xc CMakeFiles/LAB8_Task2.dir/Core/Src/stm32f3xx_it.c.obj
                0x08004486                SysTick_Handler
 *fill*         0x08004492        0x2 
 .text.SPI1_IRQHandler
                0x08004494       0x14 CMakeFiles/LAB8_Task2.dir/Core/Src/stm32f3xx_it.c.obj
                0x08004494                SPI1_IRQHandler
 .text.HAL_MspInit
                0x080044a8       0x48 CMakeFiles/LAB8_Task2.dir/Core/Src/stm32f3xx_hal_msp.c.obj
                0x080044a8                HAL_MspInit
 .text.HAL_I2C_MspInit
                0x080044f0       0x88 CMakeFiles/LAB8_Task2.dir/Core/Src/stm32f3xx_hal_msp.c.obj
                0x080044f0                HAL_I2C_MspInit
 .text.HAL_SPI_MspInit
                0x08004578       0x94 CMakeFiles/LAB8_Task2.dir/Core/Src/stm32f3xx_hal_msp.c.obj
                0x08004578                HAL_SPI_MspInit
 .text.HAL_UART_MspInit
                0x0800460c       0x84 CMakeFiles/LAB8_Task2.dir/Core/Src/stm32f3xx_hal_msp.c.obj
                0x0800460c                HAL_UART_MspInit
 .text.HAL_PCD_MspInit
                0x08004690       0x88 CMakeFiles/LAB8_Task2.dir/Core/Src/stm32f3xx_hal_msp.c.obj
                0x08004690                HAL_PCD_MspInit
 .text._sbrk    0x08004718       0x6c CMakeFiles/LAB8_Task2.dir/Core/Src/sysmem.c.obj
                0x08004718                _sbrk
 .text.Reset_Handler
                0x08004784       0x50 CMakeFiles/LAB8_Task2.dir/startup_stm32f303xc.s.obj
                0x08004784                Reset_Handler
 .text.Default_Handler
                0x080047d4        0x2 CMakeFiles/LAB8_Task2.dir/startup_stm32f303xc.s.obj
                0x080047d4                RTC_Alarm_IRQHandler
                0x080047d4                TIM8_TRG_COM_IRQHandler
                0x080047d4                TIM8_CC_IRQHandler
                0x080047d4                TIM1_CC_IRQHandler
                0x080047d4                USB_HP_IRQHandler
                0x080047d4                PVD_IRQHandler
                0x080047d4                TAMP_STAMP_IRQHandler
                0x080047d4                EXTI3_IRQHandler
                0x080047d4                USB_HP_CAN_TX_IRQHandler
                0x080047d4                EXTI0_IRQHandler
                0x080047d4                I2C2_EV_IRQHandler
                0x080047d4                FPU_IRQHandler
                0x080047d4                TIM1_UP_TIM16_IRQHandler
                0x080047d4                ADC1_2_IRQHandler
                0x080047d4                CAN_SCE_IRQHandler
                0x080047d4                TIM6_DAC_IRQHandler
                0x080047d4                TIM8_UP_IRQHandler
                0x080047d4                DMA2_Channel2_IRQHandler
                0x080047d4                DMA1_Channel4_IRQHandler
                0x080047d4                USART3_IRQHandler
                0x080047d4                DMA1_Channel7_IRQHandler
                0x080047d4                UART5_IRQHandler
                0x080047d4                ADC3_IRQHandler
                0x080047d4                TIM4_IRQHandler
                0x080047d4                CAN_RX1_IRQHandler
                0x080047d4                DMA2_Channel1_IRQHandler
                0x080047d4                I2C1_EV_IRQHandler
                0x080047d4                DMA1_Channel6_IRQHandler
                0x080047d4                UART4_IRQHandler
                0x080047d4                DMA2_Channel4_IRQHandler
                0x080047d4                TIM3_IRQHandler
                0x080047d4                RCC_IRQHandler
                0x080047d4                DMA1_Channel1_IRQHandler
                0x080047d4                Default_Handler
                0x080047d4                USBWakeUp_RMP_IRQHandler
                0x080047d4                EXTI15_10_IRQHandler
                0x080047d4                TIM7_IRQHandler
                0x080047d4                EXTI9_5_IRQHandler
                0x080047d4                RTC_WKUP_IRQHandler
                0x080047d4                SPI2_IRQHandler
                0x080047d4                USB_LP_CAN_RX0_IRQHandler
                0x080047d4                DMA2_Channel5_IRQHandler
                0x080047d4                DMA1_Channel5_IRQHandler
                0x080047d4                USB_LP_IRQHandler
                0x080047d4                EXTI4_IRQHandler
                0x080047d4                TIM1_TRG_COM_TIM17_IRQHandler
                0x080047d4                DMA1_Channel3_IRQHandler
                0x080047d4                ADC4_IRQHandler
                0x080047d4                WWDG_IRQHandler
                0x080047d4                TIM2_IRQHandler
                0x080047d4                COMP7_IRQHandler
                0x080047d4                COMP1_2_3_IRQHandler
                0x080047d4                EXTI1_IRQHandler
                0x080047d4                USART2_IRQHandler
                0x080047d4                COMP4_5_6_IRQHandler
                0x080047d4                I2C2_ER_IRQHandler
                0x080047d4                DMA1_Channel2_IRQHandler
                0x080047d4                TIM8_BRK_IRQHandler
                0x080047d4                FLASH_IRQHandler
                0x080047d4                USART1_IRQHandler
                0x080047d4                SPI3_IRQHandler
                0x080047d4                I2C1_ER_IRQHandler
                0x080047d4                USBWakeUp_IRQHandler
                0x080047d4                DMA2_Channel3_IRQHandler
                0x080047d4                EXTI2_TSC_IRQHandler
                0x080047d4                TIM1_BRK_TIM15_IRQHandler
 .text._vsnprintf_r
                0x080047d6       0x5c /home/arshiyan-tarique/STM32CubeCLT/GNU-tools-for-STM32/bin/../lib/gcc/arm-none-eabi/13.3.1/../../../../arm-none-eabi/lib/thumb/v7e-m+fp/hard/libg_nano.a(libc_a-vsnprintf.o)
                0x080047d6                _vsnprintf_r
                0x080047d6                _vsniprintf_r
 *fill*         0x08004832        0x2 
 .text.vsnprintf
                0x08004834       0x1c /home/arshiyan-tarique/STM32CubeCLT/GNU-tools-for-STM32/bin/../lib/gcc/arm-none-eabi/13.3.1/../../../../arm-none-eabi/lib/thumb/v7e-m+fp/hard/libg_nano.a(libc_a-vsnprintf.o)
                0x08004834                vsnprintf
                0x08004834                vsniprintf
 .text.memset   0x08004850       0x10 /home/arshiyan-tarique/STM32CubeCLT/GNU-tools-for-STM32/bin/../lib/gcc/arm-none-eabi/13.3.1/../../../../arm-none-eabi/lib/thumb/v7e-m+fp/hard/libg_nano.a(libc_a-memset.o)
                0x08004850                memset
 .text.__errno  0x08004860        0xc /home/arshiyan-tarique/STM32CubeCLT/GNU-tools-for-STM32/bin/../lib/gcc/arm-none-eabi/13.3.1/../../../../arm-none-eabi/lib/thumb/v7e-m+fp/hard/libg_nano.a(libc_a-errno.o)
                0x08004860                __errno
 .text.__libc_init_array
                0x0800486c       0x48 /home/arshiyan-tarique/STM32CubeCLT/GNU-tools-for-STM32/bin/../lib/gcc/arm-none-eabi/13.3.1/../../../../arm-none-eabi/lib/thumb/v7e-m+fp/hard/libg_nano.a(libc_a-init.o)
                0x0800486c                __libc_init_array
 .text.__retarget_lock_acquire_recursive
                0x080048b4        0x2 /home/arshiyan-tarique/STM32CubeCLT/GNU-tools-for-STM32/bin/../lib/gcc/arm-none-eabi/13.3.1/../../../../arm-none-eabi/lib/thumb/v7e-m+fp/hard/libg_nano.a(libc_a-lock.o)
                0x080048b4                __retarget_lock_acquire_recursive
 .text.__retarget_lock_release_recursive
                0x080048b6        0x2 /home/arshiyan-tarique/STM32CubeCLT/GNU-tools-for-STM32/bin/../lib/gcc/arm-none-eabi/13.3.1/../../../../arm-none-eabi/lib/thumb/v7e-m+fp/hard/libg_nano.a(libc_a-lock.o)
                0x080048b6                __retarget_lock_release_recursive
 .text._free_r  0x080048b8       0x94 /home/arshiyan-tarique/STM32CubeCLT/GNU-tools-for-STM32/bin/../lib/gcc/arm-none-eabi/13.3.1/../../../../arm-none-eabi/lib/thumb/v7e-m+fp/hard/libg_nano.a(libc_a-freer.o)
                0x080048b8                _free_r
 .text.sbrk_aligned
                0x0800494c       0x44 /home/arshiyan-tarique/STM32CubeCLT/GNU-tools-for-STM32/bin/../lib/gcc/arm-none-eabi/13.3.1/../../../../arm-none-eabi/lib/thumb/v7e-m+fp/hard/libg_nano.a(libc_a-mallocr.o)
 .text._malloc_r
                0x08004990      0x100 /home/arshiyan-tarique/STM32CubeCLT/GNU-tools-for-STM32/bin/../lib/gcc/arm-none-eabi/13.3.1/../../../../arm-none-eabi/lib/thumb/v7e-m+fp/hard/libg_nano.a(libc_a-mallocr.o)
                0x08004990                _malloc_r
 .text.__malloc_lock
                0x08004a90        0xc /home/arshiyan-tarique/STM32CubeCLT/GNU-tools-for-STM32/bin/../lib/gcc/arm-none-eabi/13.3.1/../../../../arm-none-eabi/lib/thumb/v7e-m+fp/hard/libg_nano.a(libc_a-mlock.o)
                0x08004a90                __malloc_lock
 .text.__malloc_unlock
                0x08004a9c        0xc /home/arshiyan-tarique/STM32CubeCLT/GNU-tools-for-STM32/bin/../lib/gcc/arm-none-eabi/13.3.1/../../../../arm-none-eabi/lib/thumb/v7e-m+fp/hard/libg_nano.a(libc_a-mlock.o)
                0x08004a9c                __malloc_unlock
 .text.__ssputs_r
                0x08004aa8       0xb6 /home/arshiyan-tarique/STM32CubeCLT/GNU-tools-for-STM32/bin/../lib/gcc/arm-none-eabi/13.3.1/../../../../arm-none-eabi/lib/thumb/v7e-m+fp/hard/libg_nano.a(libc_a-nano-svfprintf.o)
                0x08004aa8                __ssputs_r
 *fill*         0x08004b5e        0x2 
 .text._svfprintf_r
                0x08004b60      0x1f8 /home/arshiyan-tarique/STM32CubeCLT/GNU-tools-for-STM32/bin/../lib/gcc/arm-none-eabi/13.3.1/../../../../arm-none-eabi/lib/thumb/v7e-m+fp/hard/libg_nano.a(libc_a-nano-svfprintf.o)
                0x08004b60                _svfprintf_r
                0x08004b60                _svfiprintf_r
 .text._printf_common
                0x08004d58       0xda /home/arshiyan-tarique/STM32CubeCLT/GNU-tools-for-STM32/bin/../lib/gcc/arm-none-eabi/13.3.1/../../../../arm-none-eabi/lib/thumb/v7e-m+fp/hard/libg_nano.a(libc_a-nano-vfprintf_i.o)
                0x08004d58                _printf_common
 *fill*         0x08004e32        0x2 
 .text._printf_i
                0x08004e34      0x23c /home/arshiyan-tarique/STM32CubeCLT/GNU-tools-for-STM32/bin/../lib/gcc/arm-none-eabi/13.3.1/../../../../arm-none-eabi/lib/thumb/v7e-m+fp/hard/libg_nano.a(libc_a-nano-vfprintf_i.o)
                0x08004e34                _printf_i
 .text.memmove  0x08005070       0x34 /home/arshiyan-tarique/STM32CubeCLT/GNU-tools-for-STM32/bin/../lib/gcc/arm-none-eabi/13.3.1/../../../../arm-none-eabi/lib/thumb/v7e-m+fp/hard/libg_nano.a(libc_a-memmove.o)
                0x08005070                memmove
 .text._sbrk_r  0x080050a4       0x20 /home/arshiyan-tarique/STM32CubeCLT/GNU-tools-for-STM32/bin/../lib/gcc/arm-none-eabi/13.3.1/../../../../arm-none-eabi/lib/thumb/v7e-m+fp/hard/libg_nano.a(libc_a-sbrkr.o)
                0x080050a4                _sbrk_r
 .text.memcpy   0x080050c4       0x1c /home/arshiyan-tarique/STM32CubeCLT/GNU-tools-for-STM32/bin/../lib/gcc/arm-none-eabi/13.3.1/../../../../arm-none-eabi/lib/thumb/v7e-m+fp/hard/libg_nano.a(libc_a-memcpy-stub.o)
                0x080050c4                memcpy
 .text._realloc_r
                0x080050e0       0x5c /home/arshiyan-tarique/STM32CubeCLT/GNU-tools-for-STM32/bin/../lib/gcc/arm-none-eabi/13.3.1/../../../../arm-none-eabi/lib/thumb/v7e-m+fp/hard/libg_nano.a(libc_a-reallocr.o)
                0x080050e0                _realloc_r
 .text._malloc_usable_size_r
                0x0800513c       0x10 /home/arshiyan-tarique/STM32CubeCLT/GNU-tools-for-STM32/bin/../lib/gcc/arm-none-eabi/13.3.1/../../../../arm-none-eabi/lib/thumb/v7e-m+fp/hard/libg_nano.a(libc_a-msizer.o)
                0x0800513c                _malloc_usable_size_r
 *(.glue_7)
 .glue_7        0x0800514c        0x0 linker stubs
 *(.glue_7t)
 .glue_7t       0x0800514c        0x0 linker stubs
 *(.eh_frame)
 .eh_frame      0x0800514c        0x0 /home/arshiyan-tarique/STM32CubeCLT/GNU-tools-for-STM32/bin/../lib/gcc/arm-none-eabi/13.3.1/thumb/v7e-m+fp/hard/crtbegin.o
 *(.init)
 .init          0x0800514c        0x4 /home/arshiyan-tarique/STM32CubeCLT/GNU-tools-for-STM32/bin/../lib/gcc/arm-none-eabi/13.3.1/thumb/v7e-m+fp/hard/crti.o
                0x0800514c                _init
 .init          0x08005150        0x8 /home/arshiyan-tarique/STM32CubeCLT/GNU-tools-for-STM32/bin/../lib/gcc/arm-none-eabi/13.3.1/thumb/v7e-m+fp/hard/crtn.o
 *(.fini)
 .fini          0x08005158        0x4 /home/arshiyan-tarique/STM32CubeCLT/GNU-tools-for-STM32/bin/../lib/gcc/arm-none-eabi/13.3.1/thumb/v7e-m+fp/hard/crti.o
                0x08005158                _fini
 .fini          0x0800515c        0x8 /home/arshiyan-tarique/STM32CubeCLT/GNU-tools-for-STM32/bin/../lib/gcc/arm-none-eabi/13.3.1/thumb/v7e-m+fp/hard/crtn.o
                0x08005164                        . = ALIGN (0x4)
                0x08005164                        _etext = .

.vfp11_veneer   0x08005164        0x0
 .vfp11_veneer  0x08005164        0x0 linker stubs

.v4_bx          0x08005164        0x0
 .v4_bx         0x08005164        0x0 linker stubs

.iplt           0x08005164        0x0
 .iplt          0x08005164        0x0 /home/arshiyan-tarique/STM32CubeCLT/GNU-tools-for-STM32/bin/../lib/gcc/arm-none-eabi/13.3.1/thumb/v7e-m+fp/hard/crtbegin.o

.rodata         0x08005164       0x74
                0x08005164                        . = ALIGN (0x4)
 *(.rodata)
 .rodata        0x08005164        0x5 CMakeFiles/LAB8_Task2.dir/Core/Src/main.c.obj
 *(.rodata*)
 *fill*         0x08005169        0x3 
 .rodata.AHBPrescTable
                0x0800516c       0x10 cmake/stm32cubemx/CMakeFiles/STM32_Drivers.dir/__/__/Core/Src/system_stm32f3xx.c.obj
                0x0800516c                AHBPrescTable
 .rodata.APBPrescTable
                0x0800517c        0x8 cmake/stm32cubemx/CMakeFiles/STM32_Drivers.dir/__/__/Core/Src/system_stm32f3xx.c.obj
                0x0800517c                APBPrescTable
 .rodata.aPLLMULFactorTable
                0x08005184       0x10 cmake/stm32cubemx/CMakeFiles/STM32_Drivers.dir/__/__/Drivers/STM32F3xx_HAL_Driver/Src/stm32f3xx_hal_rcc.c.obj
 .rodata.aPredivFactorTable
                0x08005194       0x10 cmake/stm32cubemx/CMakeFiles/STM32_Drivers.dir/__/__/Drivers/STM32F3xx_HAL_Driver/Src/stm32f3xx_hal_rcc.c.obj
 .rodata._svfprintf_r.str1.1
                0x080051a4       0x33 /home/arshiyan-tarique/STM32CubeCLT/GNU-tools-for-STM32/bin/../lib/gcc/arm-none-eabi/13.3.1/../../../../arm-none-eabi/lib/thumb/v7e-m+fp/hard/libg_nano.a(libc_a-nano-svfprintf.o)
                                 0x11 (size before relaxing)
 .rodata._printf_i.str1.1
                0x080051d7       0x22 /home/arshiyan-tarique/STM32CubeCLT/GNU-tools-for-STM32/bin/../lib/gcc/arm-none-eabi/13.3.1/../../../../arm-none-eabi/lib/thumb/v7e-m+fp/hard/libg_nano.a(libc_a-nano-vfprintf_i.o)
                0x080051fc                        . = ALIGN (0x4)
 *fill*         0x080051d7        0x1 

.ARM.extab      0x080051d8        0x0
                0x080051d8                        . = ALIGN (0x4)
 *(.ARM.extab* .gnu.linkonce.armextab.*)
                0x080051d8                        . = ALIGN (0x4)

.ARM            0x080051d8        0x8
                0x080051d8                        . = ALIGN (0x4)
                0x080051d8                        __exidx_start = .
 *(.ARM.exidx*)
 .ARM.exidx     0x080051d8        0x8 /home/arshiyan-tarique/STM32CubeCLT/GNU-tools-for-STM32/bin/../lib/gcc/arm-none-eabi/13.3.1/../../../../arm-none-eabi/lib/thumb/v7e-m+fp/hard/libg_nano.a(libc_a-strlen.o)
 .ARM.exidx     0x080051e0        0x0 /home/arshiyan-tarique/STM32CubeCLT/GNU-tools-for-STM32/bin/../lib/gcc/arm-none-eabi/13.3.1/../../../../arm-none-eabi/lib/thumb/v7e-m+fp/hard/libg_nano.a(libc_a-memchr.o)
                                  0x8 (size before relaxing)
                0x080051e0                        __exidx_end = .
                0x080051e0                        . = ALIGN (0x4)

.preinit_array  0x080051e0        0x0
                0x080051e0                        . = ALIGN (0x4)
                0x080051e0                        PROVIDE (__preinit_array_start = .)
 *(.preinit_array*)
                0x080051e0                        PROVIDE (__preinit_array_end = .)
                0x080051e0                        . = ALIGN (0x4)

.init_array     0x080051e0        0x4
                0x080051e0                        . = ALIGN (0x4)
                0x080051e0                        PROVIDE (__init_array_start = .)
 *(SORT_BY_NAME(.init_array.*))
 *(.init_array*)
 .init_array    0x080051e0        0x4 /home/arshiyan-tarique/STM32CubeCLT/GNU-tools-for-STM32/bin/../lib/gcc/arm-none-eabi/13.3.1/thumb/v7e-m+fp/hard/crtbegin.o
                0x080051e4                        PROVIDE (__init_array_end = .)
                0x080051e4                        . = ALIGN (0x4)

.fini_array     0x080051e4        0x4
                0x080051e4                        . = ALIGN (0x4)
                [!provide]                        PROVIDE (__fini_array_start = .)
 *(SORT_BY_NAME(.fini_array.*))
 *(.fini_array*)
 .fini_array    0x080051e4        0x4 /home/arshiyan-tarique/STM32CubeCLT/GNU-tools-for-STM32/bin/../lib/gcc/arm-none-eabi/13.3.1/thumb/v7e-m+fp/hard/crtbegin.o
                [!provide]                        PROVIDE (__fini_array_end = .)
                0x080051e8                        . = ALIGN (0x4)
                0x080051e8                        _siccmram = LOADADDR (.ccmram)

.rel.dyn        0x080051e8        0x0
 .rel.iplt      0x080051e8        0x0 /home/arshiyan-tarique/STM32CubeCLT/GNU-tools-for-STM32/bin/../lib/gcc/arm-none-eabi/13.3.1/thumb/v7e-m+fp/hard/crtbegin.o

.ccmram         0x10000000        0x0 load address 0x080051e8
                0x10000000                        . = ALIGN (0x4)
                0x10000000                        _sccmram = .
 *(.ccmram)
 *(.ccmram*)
                0x10000000                        . = ALIGN (0x4)
                0x10000000                        _eccmram = .
                0x080051e8                        _sidata = LOADADDR (.data)

.data           0x20000000       0x5c load address 0x080051e8
                0x20000000                        . = ALIGN (0x4)
                0x20000000                        _sdata = .
 *(.data)
 *(.data*)
 .data.SystemCoreClock
                0x20000000        0x4 cmake/stm32cubemx/CMakeFiles/STM32_Drivers.dir/__/__/Core/Src/system_stm32f3xx.c.obj
                0x20000000                SystemCoreClock
 .data.uwTickPrio
                0x20000004        0x4 cmake/stm32cubemx/CMakeFiles/STM32_Drivers.dir/__/__/Drivers/STM32F3xx_HAL_Driver/Src/stm32f3xx_hal.c.obj
                0x20000004                uwTickPrio
 .data.uwTickFreq
                0x20000008        0x1 cmake/stm32cubemx/CMakeFiles/STM32_Drivers.dir/__/__/Drivers/STM32F3xx_HAL_Driver/Src/stm32f3xx_hal.c.obj
                0x20000008                uwTickFreq
 *fill*         0x20000009        0x3 
 .data._impure_ptr
                0x2000000c        0x4 /home/arshiyan-tarique/STM32CubeCLT/GNU-tools-for-STM32/bin/../lib/gcc/arm-none-eabi/13.3.1/../../../../arm-none-eabi/lib/thumb/v7e-m+fp/hard/libg_nano.a(libc_a-impure.o)
                0x2000000c                _impure_ptr
 .data._impure_data
                0x20000010       0x4c /home/arshiyan-tarique/STM32CubeCLT/GNU-tools-for-STM32/bin/../lib/gcc/arm-none-eabi/13.3.1/../../../../arm-none-eabi/lib/thumb/v7e-m+fp/hard/libg_nano.a(libc_a-impure.o)
                0x20000010                _impure_data
 *(.RamFunc)
 *(.RamFunc*)
                0x2000005c                        . = ALIGN (0x4)

.igot.plt       0x2000005c        0x0 load address 0x08005244
 .igot.plt      0x2000005c        0x0 /home/arshiyan-tarique/STM32CubeCLT/GNU-tools-for-STM32/bin/../lib/gcc/arm-none-eabi/13.3.1/thumb/v7e-m+fp/hard/crtbegin.o

.tdata          0x2000005c        0x0 load address 0x08005244
 *(.tdata .tdata.* .gnu.linkonce.td.*)
                0x2000005c                        . = ALIGN (0x4)
                0x2000005c                        _edata = .
                [!provide]                        PROVIDE (__data_end = .)
                [!provide]                        PROVIDE (__tdata_end = .)
                [!provide]                        PROVIDE (__tdata_start = ADDR (.tdata))
                [!provide]                        PROVIDE (__tdata_size = (__tdata_end - __tdata_start))
                [!provide]                        PROVIDE (__data_start = ADDR (.data))
                [!provide]                        PROVIDE (__data_size = (__data_end - __data_start))
                [!provide]                        PROVIDE (__tdata_source = LOADADDR (.tdata))
                [!provide]                        PROVIDE (__tdata_source_end = (LOADADDR (.tdata) + SIZEOF (.tdata)))
                [!provide]                        PROVIDE (__tdata_source_size = (__tdata_source_end - __tdata_source))
                [!provide]                        PROVIDE (__data_source = LOADADDR (.data))
                [!provide]                        PROVIDE (__data_source_end = __tdata_source_end)
                [!provide]                        PROVIDE (__data_source_size = (__data_source_end - __data_source))

.tbss           0x2000005c        0x0 load address 0x08005244
                0x2000005c                        _sbss = .
                0x2000005c                        __bss_start__ = _sbss
 *(.tbss .tbss.*)
                0x2000005c                        . = ALIGN (0x4)
                [!provide]                        PROVIDE (__tbss_end = .)
                [!provide]                        PROVIDE (__tbss_start = ADDR (.tbss))
                [!provide]                        PROVIDE (__tbss_size = (__tbss_end - __tbss_start))
                [!provide]                        PROVIDE (__tbss_offset = (ADDR (.tbss) - ADDR (.tdata)))
                [!provide]                        PROVIDE (__tls_base = __tdata_start)
                [!provide]                        PROVIDE (__tls_end = __tbss_end)
                [!provide]                        PROVIDE (__tls_size = (__tls_end - __tls_base))
                [!provide]                        PROVIDE (__tls_align = MAX (ALIGNOF (.tdata), ALIGNOF (.tbss)))
                [!provide]                        PROVIDE (__tls_size_align = (((__tls_size + __tls_align) - 0x1) & ~ ((__tls_align - 0x1))))
                [!provide]                        PROVIDE (__arm32_tls_tcb_offset = MAX (0x8, __tls_align))
                [!provide]                        PROVIDE (__arm64_tls_tcb_offset = MAX (0x10, __tls_align))

.bss            0x2000005c      0x580 load address 0x08005244
 *(.bss)
 .bss           0x2000005c       0x1c /home/arshiyan-tarique/STM32CubeCLT/GNU-tools-for-STM32/bin/../lib/gcc/arm-none-eabi/13.3.1/thumb/v7e-m+fp/hard/crtbegin.o
 *(.bss*)
 .bss.uwTick    0x20000078        0x4 cmake/stm32cubemx/CMakeFiles/STM32_Drivers.dir/__/__/Drivers/STM32F3xx_HAL_Driver/Src/stm32f3xx_hal.c.obj
                0x20000078                uwTick
 .bss.hi2c1     0x2000007c       0x54 CMakeFiles/LAB8_Task2.dir/Core/Src/main.c.obj
                0x2000007c                hi2c1
 .bss.hspi1     0x200000d0       0x64 CMakeFiles/LAB8_Task2.dir/Core/Src/main.c.obj
                0x200000d0                hspi1
 .bss.huart2    0x20000134       0x88 CMakeFiles/LAB8_Task2.dir/Core/Src/main.c.obj
                0x20000134                huart2
 .bss.hpcd_USB_FS
                0x200001bc      0x2d4 CMakeFiles/LAB8_Task2.dir/Core/Src/main.c.obj
                0x200001bc                hpcd_USB_FS
 .bss.__sbrk_heap_end
                0x20000490        0x4 CMakeFiles/LAB8_Task2.dir/Core/Src/sysmem.c.obj
 .bss.__sf      0x20000494      0x138 /home/arshiyan-tarique/STM32CubeCLT/GNU-tools-for-STM32/bin/../lib/gcc/arm-none-eabi/13.3.1/../../../../arm-none-eabi/lib/thumb/v7e-m+fp/hard/libg_nano.a(libc_a-findfp.o)
                0x20000494                __sf
 .bss.errno     0x200005cc        0x4 /home/arshiyan-tarique/STM32CubeCLT/GNU-tools-for-STM32/bin/../lib/gcc/arm-none-eabi/13.3.1/../../../../arm-none-eabi/lib/thumb/v7e-m+fp/hard/libg_nano.a(libc_a-reent.o)
                0x200005cc                errno
 .bss.__lock___malloc_recursive_mutex
                0x200005d0        0x1 /home/arshiyan-tarique/STM32CubeCLT/GNU-tools-for-STM32/bin/../lib/gcc/arm-none-eabi/13.3.1/../../../../arm-none-eabi/lib/thumb/v7e-m+fp/hard/libg_nano.a(libc_a-lock.o)
                0x200005d0                __lock___malloc_recursive_mutex
 *fill*         0x200005d1        0x3 
 .bss.__malloc_sbrk_start
                0x200005d4        0x4 /home/arshiyan-tarique/STM32CubeCLT/GNU-tools-for-STM32/bin/../lib/gcc/arm-none-eabi/13.3.1/../../../../arm-none-eabi/lib/thumb/v7e-m+fp/hard/libg_nano.a(libc_a-mallocr.o)
                0x200005d4                __malloc_sbrk_start
 .bss.__malloc_free_list
                0x200005d8        0x4 /home/arshiyan-tarique/STM32CubeCLT/GNU-tools-for-STM32/bin/../lib/gcc/arm-none-eabi/13.3.1/../../../../arm-none-eabi/lib/thumb/v7e-m+fp/hard/libg_nano.a(libc_a-mallocr.o)
                0x200005d8                __malloc_free_list
 *(COMMON)
                0x200005dc                        . = ALIGN (0x4)
                0x200005dc                        _ebss = .
                0x200005dc                        __bss_end__ = _ebss
                [!provide]                        PROVIDE (__bss_end = .)
                [!provide]                        PROVIDE (__non_tls_bss_start = ADDR (.bss))
                [!provide]                        PROVIDE (__bss_start = __tbss_start)
                [!provide]                        PROVIDE (__bss_size = (__bss_end - __bss_start))

._user_heap_stack
                0x200005dc      0x604 load address 0x08005244
                0x200005e0                        . = ALIGN (0x8)
 *fill*         0x200005dc        0x4 
                [!provide]                        PROVIDE (end = .)
                0x200005e0                        PROVIDE (_end = .)
                0x200007e0                        . = (. + _Min_Heap_Size)
 *fill*         0x200005e0      0x200 
                0x20000be0                        . = (. + _Min_Stack_Size)
 *fill*         0x200007e0      0x400 
                0x20000be0                        . = ALIGN (0x8)

/DISCARD/
 libc.a:*(*)
 libm.a:*(*)
 libgcc.a:*(*)
OUTPUT(LAB8_Task2.elf elf32-littlearm)
LOAD linker stubs

.ARM.attributes
                0x00000000       0x30
 .ARM.attributes
                0x00000000       0x22 /home/arshiyan-tarique/STM32CubeCLT/GNU-tools-for-STM32/bin/../lib/gcc/arm-none-eabi/13.3.1/thumb/v7e-m+fp/hard/crti.o
 .ARM.attributes
                0x00000022       0x34 /home/arshiyan-tarique/STM32CubeCLT/GNU-tools-for-STM32/bin/../lib/gcc/arm-none-eabi/13.3.1/thumb/v7e-m+fp/hard/crtbegin.o
 .ARM.attributes
                0x00000056       0x34 cmake/stm32cubemx/CMakeFiles/STM32_Drivers.dir/__/__/Core/Src/system_stm32f3xx.c.obj
 .ARM.attributes
                0x0000008a       0x34 cmake/stm32cubemx/CMakeFiles/STM32_Drivers.dir/__/__/Drivers/STM32F3xx_HAL_Driver/Src/stm32f3xx_ll_usb.c.obj
 .ARM.attributes
                0x000000be       0x34 cmake/stm32cubemx/CMakeFiles/STM32_Drivers.dir/__/__/Drivers/STM32F3xx_HAL_Driver/Src/stm32f3xx_hal_i2c.c.obj
 .ARM.attributes
                0x000000f2       0x34 cmake/stm32cubemx/CMakeFiles/STM32_Drivers.dir/__/__/Drivers/STM32F3xx_HAL_Driver/Src/stm32f3xx_hal_i2c_ex.c.obj
 .ARM.attributes
                0x00000126       0x34 cmake/stm32cubemx/CMakeFiles/STM32_Drivers.dir/__/__/Drivers/STM32F3xx_HAL_Driver/Src/stm32f3xx_hal.c.obj
 .ARM.attributes
                0x0000015a       0x34 cmake/stm32cubemx/CMakeFiles/STM32_Drivers.dir/__/__/Drivers/STM32F3xx_HAL_Driver/Src/stm32f3xx_hal_rcc.c.obj
 .ARM.attributes
                0x0000018e       0x34 cmake/stm32cubemx/CMakeFiles/STM32_Drivers.dir/__/__/Drivers/STM32F3xx_HAL_Driver/Src/stm32f3xx_hal_rcc_ex.c.obj
 .ARM.attributes
                0x000001c2       0x34 cmake/stm32cubemx/CMakeFiles/STM32_Drivers.dir/__/__/Drivers/STM32F3xx_HAL_Driver/Src/stm32f3xx_hal_gpio.c.obj
 .ARM.attributes
                0x000001f6       0x34 cmake/stm32cubemx/CMakeFiles/STM32_Drivers.dir/__/__/Drivers/STM32F3xx_HAL_Driver/Src/stm32f3xx_hal_dma.c.obj
 .ARM.attributes
                0x0000022a       0x34 cmake/stm32cubemx/CMakeFiles/STM32_Drivers.dir/__/__/Drivers/STM32F3xx_HAL_Driver/Src/stm32f3xx_hal_cortex.c.obj
 .ARM.attributes
                0x0000025e       0x34 cmake/stm32cubemx/CMakeFiles/STM32_Drivers.dir/__/__/Drivers/STM32F3xx_HAL_Driver/Src/stm32f3xx_hal_spi.c.obj
 .ARM.attributes
                0x00000292       0x34 cmake/stm32cubemx/CMakeFiles/STM32_Drivers.dir/__/__/Drivers/STM32F3xx_HAL_Driver/Src/stm32f3xx_hal_uart.c.obj
 .ARM.attributes
                0x000002c6       0x34 cmake/stm32cubemx/CMakeFiles/STM32_Drivers.dir/__/__/Drivers/STM32F3xx_HAL_Driver/Src/stm32f3xx_hal_pcd.c.obj
 .ARM.attributes
                0x000002fa       0x34 CMakeFiles/LAB8_Task2.dir/Core/Src/main.c.obj
 .ARM.attributes
                0x0000032e       0x34 CMakeFiles/LAB8_Task2.dir/Core/Src/stm32f3xx_it.c.obj
 .ARM.attributes
                0x00000362       0x34 CMakeFiles/LAB8_Task2.dir/Core/Src/stm32f3xx_hal_msp.c.obj
 .ARM.attributes
                0x00000396       0x34 CMakeFiles/LAB8_Task2.dir/Core/Src/sysmem.c.obj
 .ARM.attributes
                0x000003ca       0x21 CMakeFiles/LAB8_Task2.dir/startup_stm32f303xc.s.obj
 .ARM.attributes
                0x000003eb       0x34 /home/arshiyan-tarique/STM32CubeCLT/GNU-tools-for-STM32/bin/../lib/gcc/arm-none-eabi/13.3.1/../../../../arm-none-eabi/lib/thumb/v7e-m+fp/hard/libg_nano.a(libc_a-findfp.o)
 .ARM.attributes
                0x0000041f       0x34 /home/arshiyan-tarique/STM32CubeCLT/GNU-tools-for-STM32/bin/../lib/gcc/arm-none-eabi/13.3.1/../../../../arm-none-eabi/lib/thumb/v7e-m+fp/hard/libg_nano.a(libc_a-vsnprintf.o)
 .ARM.attributes
                0x00000453       0x34 /home/arshiyan-tarique/STM32CubeCLT/GNU-tools-for-STM32/bin/../lib/gcc/arm-none-eabi/13.3.1/../../../../arm-none-eabi/lib/thumb/v7e-m+fp/hard/libg_nano.a(libc_a-memset.o)
 .ARM.attributes
                0x00000487       0x34 /home/arshiyan-tarique/STM32CubeCLT/GNU-tools-for-STM32/bin/../lib/gcc/arm-none-eabi/13.3.1/../../../../arm-none-eabi/lib/thumb/v7e-m+fp/hard/libg_nano.a(libc_a-reent.o)
 .ARM.attributes
                0x000004bb       0x34 /home/arshiyan-tarique/STM32CubeCLT/GNU-tools-for-STM32/bin/../lib/gcc/arm-none-eabi/13.3.1/../../../../arm-none-eabi/lib/thumb/v7e-m+fp/hard/libg_nano.a(libc_a-impure.o)
 .ARM.attributes
                0x000004ef       0x34 /home/arshiyan-tarique/STM32CubeCLT/GNU-tools-for-STM32/bin/../lib/gcc/arm-none-eabi/13.3.1/../../../../arm-none-eabi/lib/thumb/v7e-m+fp/hard/libg_nano.a(libc_a-errno.o)
 .ARM.attributes
                0x00000523       0x34 /home/arshiyan-tarique/STM32CubeCLT/GNU-tools-for-STM32/bin/../lib/gcc/arm-none-eabi/13.3.1/../../../../arm-none-eabi/lib/thumb/v7e-m+fp/hard/libg_nano.a(libc_a-init.o)
 .ARM.attributes
                0x00000557       0x34 /home/arshiyan-tarique/STM32CubeCLT/GNU-tools-for-STM32/bin/../lib/gcc/arm-none-eabi/13.3.1/../../../../arm-none-eabi/lib/thumb/v7e-m+fp/hard/libg_nano.a(libc_a-lock.o)
 .ARM.attributes
                0x0000058b       0x17 /home/arshiyan-tarique/STM32CubeCLT/GNU-tools-for-STM32/bin/../lib/gcc/arm-none-eabi/13.3.1/../../../../arm-none-eabi/lib/thumb/v7e-m+fp/hard/libg_nano.a(libc_a-strlen.o)
 .ARM.attributes
                0x000005a2       0x34 /home/arshiyan-tarique/STM32CubeCLT/GNU-tools-for-STM32/bin/../lib/gcc/arm-none-eabi/13.3.1/../../../../arm-none-eabi/lib/thumb/v7e-m+fp/hard/libg_nano.a(libc_a-freer.o)
 .ARM.attributes
                0x000005d6       0x34 /home/arshiyan-tarique/STM32CubeCLT/GNU-tools-for-STM32/bin/../lib/gcc/arm-none-eabi/13.3.1/../../../../arm-none-eabi/lib/thumb/v7e-m+fp/hard/libg_nano.a(libc_a-mallocr.o)
 .ARM.attributes
                0x0000060a       0x34 /home/arshiyan-tarique/STM32CubeCLT/GNU-tools-for-STM32/bin/../lib/gcc/arm-none-eabi/13.3.1/../../../../arm-none-eabi/lib/thumb/v7e-m+fp/hard/libg_nano.a(libc_a-mlock.o)
 .ARM.attributes
                0x0000063e       0x34 /home/arshiyan-tarique/STM32CubeCLT/GNU-tools-for-STM32/bin/../lib/gcc/arm-none-eabi/13.3.1/../../../../arm-none-eabi/lib/thumb/v7e-m+fp/hard/libg_nano.a(libc_a-nano-svfprintf.o)
 .ARM.attributes
                0x00000672       0x34 /home/arshiyan-tarique/STM32CubeCLT/GNU-tools-for-STM32/bin/../lib/gcc/arm-none-eabi/13.3.1/../../../../arm-none-eabi/lib/thumb/v7e-m+fp/hard/libg_nano.a(libc_a-nano-vfprintf_i.o)
 .ARM.attributes
                0x000006a6       0x34 /home/arshiyan-tarique/STM32CubeCLT/GNU-tools-for-STM32/bin/../lib/gcc/arm-none-eabi/13.3.1/../../../../arm-none-eabi/lib/thumb/v7e-m+fp/hard/libg_nano.a(libc_a-memmove.o)
 .ARM.attributes
                0x000006da       0x34 /home/arshiyan-tarique/STM32CubeCLT/GNU-tools-for-STM32/bin/../lib/gcc/arm-none-eabi/13.3.1/../../../../arm-none-eabi/lib/thumb/v7e-m+fp/hard/libg_nano.a(libc_a-sbrkr.o)
 .ARM.attributes
                0x0000070e       0x1c /home/arshiyan-tarique/STM32CubeCLT/GNU-tools-for-STM32/bin/../lib/gcc/arm-none-eabi/13.3.1/../../../../arm-none-eabi/lib/thumb/v7e-m+fp/hard/libg_nano.a(libc_a-memchr.o)
 .ARM.attributes
                0x0000072a       0x34 /home/arshiyan-tarique/STM32CubeCLT/GNU-tools-for-STM32/bin/../lib/gcc/arm-none-eabi/13.3.1/../../../../arm-none-eabi/lib/thumb/v7e-m+fp/hard/libg_nano.a(libc_a-memcpy-stub.o)
 .ARM.attributes
                0x0000075e       0x34 /home/arshiyan-tarique/STM32CubeCLT/GNU-tools-for-STM32/bin/../lib/gcc/arm-none-eabi/13.3.1/../../../../arm-none-eabi/lib/thumb/v7e-m+fp/hard/libg_nano.a(libc_a-reallocr.o)
 .ARM.attributes
                0x00000792       0x34 /home/arshiyan-tarique/STM32CubeCLT/GNU-tools-for-STM32/bin/../lib/gcc/arm-none-eabi/13.3.1/../../../../arm-none-eabi/lib/thumb/v7e-m+fp/hard/libg_nano.a(libc_a-msizer.o)
 .ARM.attributes
                0x000007c6       0x22 /home/arshiyan-tarique/STM32CubeCLT/GNU-tools-for-STM32/bin/../lib/gcc/arm-none-eabi/13.3.1/thumb/v7e-m+fp/hard/crtn.o

.comment        0x00000000       0x43
 .comment       0x00000000       0x43 cmake/stm32cubemx/CMakeFiles/STM32_Drivers.dir/__/__/Core/Src/system_stm32f3xx.c.obj
                                 0x44 (size before relaxing)
 .comment       0x00000043       0x44 cmake/stm32cubemx/CMakeFiles/STM32_Drivers.dir/__/__/Drivers/STM32F3xx_HAL_Driver/Src/stm32f3xx_ll_usb.c.obj
 .comment       0x00000043       0x44 cmake/stm32cubemx/CMakeFiles/STM32_Drivers.dir/__/__/Drivers/STM32F3xx_HAL_Driver/Src/stm32f3xx_hal_i2c.c.obj
 .comment       0x00000043       0x44 cmake/stm32cubemx/CMakeFiles/STM32_Drivers.dir/__/__/Drivers/STM32F3xx_HAL_Driver/Src/stm32f3xx_hal_i2c_ex.c.obj
 .comment       0x00000043       0x44 cmake/stm32cubemx/CMakeFiles/STM32_Drivers.dir/__/__/Drivers/STM32F3xx_HAL_Driver/Src/stm32f3xx_hal.c.obj
 .comment       0x00000043       0x44 cmake/stm32cubemx/CMakeFiles/STM32_Drivers.dir/__/__/Drivers/STM32F3xx_HAL_Driver/Src/stm32f3xx_hal_rcc.c.obj
 .comment       0x00000043       0x44 cmake/stm32cubemx/CMakeFiles/STM32_Drivers.dir/__/__/Drivers/STM32F3xx_HAL_Driver/Src/stm32f3xx_hal_rcc_ex.c.obj
 .comment       0x00000043       0x44 cmake/stm32cubemx/CMakeFiles/STM32_Drivers.dir/__/__/Drivers/STM32F3xx_HAL_Driver/Src/stm32f3xx_hal_gpio.c.obj
 .comment       0x00000043       0x44 cmake/stm32cubemx/CMakeFiles/STM32_Drivers.dir/__/__/Drivers/STM32F3xx_HAL_Driver/Src/stm32f3xx_hal_dma.c.obj
 .comment       0x00000043       0x44 cmake/stm32cubemx/CMakeFiles/STM32_Drivers.dir/__/__/Drivers/STM32F3xx_HAL_Driver/Src/stm32f3xx_hal_cortex.c.obj
 .comment       0x00000043       0x44 cmake/stm32cubemx/CMakeFiles/STM32_Drivers.dir/__/__/Drivers/STM32F3xx_HAL_Driver/Src/stm32f3xx_hal_spi.c.obj
 .comment       0x00000043       0x44 cmake/stm32cubemx/CMakeFiles/STM32_Drivers.dir/__/__/Drivers/STM32F3xx_HAL_Driver/Src/stm32f3xx_hal_uart.c.obj
 .comment       0x00000043       0x44 cmake/stm32cubemx/CMakeFiles/STM32_Drivers.dir/__/__/Drivers/STM32F3xx_HAL_Driver/Src/stm32f3xx_hal_pcd.c.obj
 .comment       0x00000043       0x44 CMakeFiles/LAB8_Task2.dir/Core/Src/main.c.obj
 .comment       0x00000043       0x44 CMakeFiles/LAB8_Task2.dir/Core/Src/stm32f3xx_it.c.obj
 .comment       0x00000043       0x44 CMakeFiles/LAB8_Task2.dir/Core/Src/stm32f3xx_hal_msp.c.obj
 .comment       0x00000043       0x44 CMakeFiles/LAB8_Task2.dir/Core/Src/sysmem.c.obj
 .comment       0x00000043       0x44 /home/arshiyan-tarique/STM32CubeCLT/GNU-tools-for-STM32/bin/../lib/gcc/arm-none-eabi/13.3.1/../../../../arm-none-eabi/lib/thumb/v7e-m+fp/hard/libg_nano.a(libc_a-findfp.o)
 .comment       0x00000043       0x44 /home/arshiyan-tarique/STM32CubeCLT/GNU-tools-for-STM32/bin/../lib/gcc/arm-none-eabi/13.3.1/../../../../arm-none-eabi/lib/thumb/v7e-m+fp/hard/libg_nano.a(libc_a-vsnprintf.o)
 .comment       0x00000043       0x44 /home/arshiyan-tarique/STM32CubeCLT/GNU-tools-for-STM32/bin/../lib/gcc/arm-none-eabi/13.3.1/../../../../arm-none-eabi/lib/thumb/v7e-m+fp/hard/libg_nano.a(libc_a-memset.o)
 .comment       0x00000043       0x44 /home/arshiyan-tarique/STM32CubeCLT/GNU-tools-for-STM32/bin/../lib/gcc/arm-none-eabi/13.3.1/../../../../arm-none-eabi/lib/thumb/v7e-m+fp/hard/libg_nano.a(libc_a-reent.o)
 .comment       0x00000043       0x44 /home/arshiyan-tarique/STM32CubeCLT/GNU-tools-for-STM32/bin/../lib/gcc/arm-none-eabi/13.3.1/../../../../arm-none-eabi/lib/thumb/v7e-m+fp/hard/libg_nano.a(libc_a-impure.o)
 .comment       0x00000043       0x44 /home/arshiyan-tarique/STM32CubeCLT/GNU-tools-for-STM32/bin/../lib/gcc/arm-none-eabi/13.3.1/../../../../arm-none-eabi/lib/thumb/v7e-m+fp/hard/libg_nano.a(libc_a-errno.o)
 .comment       0x00000043       0x44 /home/arshiyan-tarique/STM32CubeCLT/GNU-tools-for-STM32/bin/../lib/gcc/arm-none-eabi/13.3.1/../../../../arm-none-eabi/lib/thumb/v7e-m+fp/hard/libg_nano.a(libc_a-init.o)
 .comment       0x00000043       0x44 /home/arshiyan-tarique/STM32CubeCLT/GNU-tools-for-STM32/bin/../lib/gcc/arm-none-eabi/13.3.1/../../../../arm-none-eabi/lib/thumb/v7e-m+fp/hard/libg_nano.a(libc_a-lock.o)
 .comment       0x00000043       0x44 /home/arshiyan-tarique/STM32CubeCLT/GNU-tools-for-STM32/bin/../lib/gcc/arm-none-eabi/13.3.1/../../../../arm-none-eabi/lib/thumb/v7e-m+fp/hard/libg_nano.a(libc_a-freer.o)
 .comment       0x00000043       0x44 /home/arshiyan-tarique/STM32CubeCLT/GNU-tools-for-STM32/bin/../lib/gcc/arm-none-eabi/13.3.1/../../../../arm-none-eabi/lib/thumb/v7e-m+fp/hard/libg_nano.a(libc_a-mallocr.o)
 .comment       0x00000043       0x44 /home/arshiyan-tarique/STM32CubeCLT/GNU-tools-for-STM32/bin/../lib/gcc/arm-none-eabi/13.3.1/../../../../arm-none-eabi/lib/thumb/v7e-m+fp/hard/libg_nano.a(libc_a-mlock.o)
 .comment       0x00000043       0x44 /home/arshiyan-tarique/STM32CubeCLT/GNU-tools-for-STM32/bin/../lib/gcc/arm-none-eabi/13.3.1/../../../../arm-none-eabi/lib/thumb/v7e-m+fp/hard/libg_nano.a(libc_a-nano-svfprintf.o)
 .comment       0x00000043       0x44 /home/arshiyan-tarique/STM32CubeCLT/GNU-tools-for-STM32/bin/../lib/gcc/arm-none-eabi/13.3.1/../../../../arm-none-eabi/lib/thumb/v7e-m+fp/hard/libg_nano.a(libc_a-nano-vfprintf_i.o)
 .comment       0x00000043       0x44 /home/arshiyan-tarique/STM32CubeCLT/GNU-tools-for-STM32/bin/../lib/gcc/arm-none-eabi/13.3.1/../../../../arm-none-eabi/lib/thumb/v7e-m+fp/hard/libg_nano.a(libc_a-memmove.o)
 .comment       0x00000043       0x44 /home/arshiyan-tarique/STM32CubeCLT/GNU-tools-for-STM32/bin/../lib/gcc/arm-none-eabi/13.3.1/../../../../arm-none-eabi/lib/thumb/v7e-m+fp/hard/libg_nano.a(libc_a-sbrkr.o)
 .comment       0x00000043       0x44 /home/arshiyan-tarique/STM32CubeCLT/GNU-tools-for-STM32/bin/../lib/gcc/arm-none-eabi/13.3.1/../../../../arm-none-eabi/lib/thumb/v7e-m+fp/hard/libg_nano.a(libc_a-memcpy-stub.o)
 .comment       0x00000043       0x44 /home/arshiyan-tarique/STM32CubeCLT/GNU-tools-for-STM32/bin/../lib/gcc/arm-none-eabi/13.3.1/../../../../arm-none-eabi/lib/thumb/v7e-m+fp/hard/libg_nano.a(libc_a-reallocr.o)
 .comment       0x00000043       0x44 /home/arshiyan-tarique/STM32CubeCLT/GNU-tools-for-STM32/bin/../lib/gcc/arm-none-eabi/13.3.1/../../../../arm-none-eabi/lib/thumb/v7e-m+fp/hard/libg_nano.a(libc_a-msizer.o)

.debug_info     0x00000000    0x1a32f
 .debug_info    0x00000000      0x407 cmake/stm32cubemx/CMakeFiles/STM32_Drivers.dir/__/__/Core/Src/system_stm32f3xx.c.obj
 .debug_info    0x00000407     0x163b cmake/stm32cubemx/CMakeFiles/STM32_Drivers.dir/__/__/Drivers/STM32F3xx_HAL_Driver/Src/stm32f3xx_ll_usb.c.obj
 .debug_info    0x00001a42     0x20c3 cmake/stm32cubemx/CMakeFiles/STM32_Drivers.dir/__/__/Drivers/STM32F3xx_HAL_Driver/Src/stm32f3xx_hal_i2c.c.obj
 .debug_info    0x00003b05      0x818 cmake/stm32cubemx/CMakeFiles/STM32_Drivers.dir/__/__/Drivers/STM32F3xx_HAL_Driver/Src/stm32f3xx_hal_i2c_ex.c.obj
 .debug_info    0x0000431d      0x7d4 cmake/stm32cubemx/CMakeFiles/STM32_Drivers.dir/__/__/Drivers/STM32F3xx_HAL_Driver/Src/stm32f3xx_hal.c.obj
 .debug_info    0x00004af1     0x148a cmake/stm32cubemx/CMakeFiles/STM32_Drivers.dir/__/__/Drivers/STM32F3xx_HAL_Driver/Src/stm32f3xx_hal_rcc.c.obj
 .debug_info    0x00005f7b      0x5b9 cmake/stm32cubemx/CMakeFiles/STM32_Drivers.dir/__/__/Drivers/STM32F3xx_HAL_Driver/Src/stm32f3xx_hal_rcc_ex.c.obj
 .debug_info    0x00006534      0x5fe cmake/stm32cubemx/CMakeFiles/STM32_Drivers.dir/__/__/Drivers/STM32F3xx_HAL_Driver/Src/stm32f3xx_hal_gpio.c.obj
 .debug_info    0x00006b32      0x6e1 cmake/stm32cubemx/CMakeFiles/STM32_Drivers.dir/__/__/Drivers/STM32F3xx_HAL_Driver/Src/stm32f3xx_hal_dma.c.obj
 .debug_info    0x00007213      0xce4 cmake/stm32cubemx/CMakeFiles/STM32_Drivers.dir/__/__/Drivers/STM32F3xx_HAL_Driver/Src/stm32f3xx_hal_cortex.c.obj
 .debug_info    0x00007ef7     0x1622 cmake/stm32cubemx/CMakeFiles/STM32_Drivers.dir/__/__/Drivers/STM32F3xx_HAL_Driver/Src/stm32f3xx_hal_spi.c.obj
 .debug_info    0x00009519     0x39a8 cmake/stm32cubemx/CMakeFiles/STM32_Drivers.dir/__/__/Drivers/STM32F3xx_HAL_Driver/Src/stm32f3xx_hal_uart.c.obj
 .debug_info    0x0000cec1     0x166f cmake/stm32cubemx/CMakeFiles/STM32_Drivers.dir/__/__/Drivers/STM32F3xx_HAL_Driver/Src/stm32f3xx_hal_pcd.c.obj
 .debug_info    0x0000e530     0x1a07 CMakeFiles/LAB8_Task2.dir/Core/Src/main.c.obj
 .debug_info    0x0000ff37      0x637 CMakeFiles/LAB8_Task2.dir/Core/Src/stm32f3xx_it.c.obj
 .debug_info    0x0001056e     0x169a CMakeFiles/LAB8_Task2.dir/Core/Src/stm32f3xx_hal_msp.c.obj
 .debug_info    0x00011c08      0x168 CMakeFiles/LAB8_Task2.dir/Core/Src/sysmem.c.obj
 .debug_info    0x00011d70       0x30 CMakeFiles/LAB8_Task2.dir/startup_stm32f303xc.s.obj
 .debug_info    0x00011da0      0xfb5 /home/arshiyan-tarique/STM32CubeCLT/GNU-tools-for-STM32/bin/../lib/gcc/arm-none-eabi/13.3.1/../../../../arm-none-eabi/lib/thumb/v7e-m+fp/hard/libg_nano.a(libc_a-findfp.o)
 .debug_info    0x00012d55      0x89c /home/arshiyan-tarique/STM32CubeCLT/GNU-tools-for-STM32/bin/../lib/gcc/arm-none-eabi/13.3.1/../../../../arm-none-eabi/lib/thumb/v7e-m+fp/hard/libg_nano.a(libc_a-vsnprintf.o)
 .debug_info    0x000135f1       0xe0 /home/arshiyan-tarique/STM32CubeCLT/GNU-tools-for-STM32/bin/../lib/gcc/arm-none-eabi/13.3.1/../../../../arm-none-eabi/lib/thumb/v7e-m+fp/hard/libg_nano.a(libc_a-memset.o)
 .debug_info    0x000136d1      0x8a1 /home/arshiyan-tarique/STM32CubeCLT/GNU-tools-for-STM32/bin/../lib/gcc/arm-none-eabi/13.3.1/../../../../arm-none-eabi/lib/thumb/v7e-m+fp/hard/libg_nano.a(libc_a-reent.o)
 .debug_info    0x00013f72      0x715 /home/arshiyan-tarique/STM32CubeCLT/GNU-tools-for-STM32/bin/../lib/gcc/arm-none-eabi/13.3.1/../../../../arm-none-eabi/lib/thumb/v7e-m+fp/hard/libg_nano.a(libc_a-impure.o)
 .debug_info    0x00014687      0x6fb /home/arshiyan-tarique/STM32CubeCLT/GNU-tools-for-STM32/bin/../lib/gcc/arm-none-eabi/13.3.1/../../../../arm-none-eabi/lib/thumb/v7e-m+fp/hard/libg_nano.a(libc_a-errno.o)
 .debug_info    0x00014d82      0x10b /home/arshiyan-tarique/STM32CubeCLT/GNU-tools-for-STM32/bin/../lib/gcc/arm-none-eabi/13.3.1/../../../../arm-none-eabi/lib/thumb/v7e-m+fp/hard/libg_nano.a(libc_a-init.o)
 .debug_info    0x00014e8d      0x218 /home/arshiyan-tarique/STM32CubeCLT/GNU-tools-for-STM32/bin/../lib/gcc/arm-none-eabi/13.3.1/../../../../arm-none-eabi/lib/thumb/v7e-m+fp/hard/libg_nano.a(libc_a-lock.o)
 .debug_info    0x000150a5       0x31 /home/arshiyan-tarique/STM32CubeCLT/GNU-tools-for-STM32/bin/../lib/gcc/arm-none-eabi/13.3.1/../../../../arm-none-eabi/lib/thumb/v7e-m+fp/hard/libg_nano.a(libc_a-strlen.o)
 .debug_info    0x000150d6      0x851 /home/arshiyan-tarique/STM32CubeCLT/GNU-tools-for-STM32/bin/../lib/gcc/arm-none-eabi/13.3.1/../../../../arm-none-eabi/lib/thumb/v7e-m+fp/hard/libg_nano.a(libc_a-freer.o)
 .debug_info    0x00015927      0x9bc /home/arshiyan-tarique/STM32CubeCLT/GNU-tools-for-STM32/bin/../lib/gcc/arm-none-eabi/13.3.1/../../../../arm-none-eabi/lib/thumb/v7e-m+fp/hard/libg_nano.a(libc_a-mallocr.o)
 .debug_info    0x000162e3      0x76b /home/arshiyan-tarique/STM32CubeCLT/GNU-tools-for-STM32/bin/../lib/gcc/arm-none-eabi/13.3.1/../../../../arm-none-eabi/lib/thumb/v7e-m+fp/hard/libg_nano.a(libc_a-mlock.o)
 .debug_info    0x00016a4e     0x10c7 /home/arshiyan-tarique/STM32CubeCLT/GNU-tools-for-STM32/bin/../lib/gcc/arm-none-eabi/13.3.1/../../../../arm-none-eabi/lib/thumb/v7e-m+fp/hard/libg_nano.a(libc_a-nano-svfprintf.o)
 .debug_info    0x00017b15      0xde2 /home/arshiyan-tarique/STM32CubeCLT/GNU-tools-for-STM32/bin/../lib/gcc/arm-none-eabi/13.3.1/../../../../arm-none-eabi/lib/thumb/v7e-m+fp/hard/libg_nano.a(libc_a-nano-vfprintf_i.o)
 .debug_info    0x000188f7      0x10f /home/arshiyan-tarique/STM32CubeCLT/GNU-tools-for-STM32/bin/../lib/gcc/arm-none-eabi/13.3.1/../../../../arm-none-eabi/lib/thumb/v7e-m+fp/hard/libg_nano.a(libc_a-memmove.o)
 .debug_info    0x00018a06      0x782 /home/arshiyan-tarique/STM32CubeCLT/GNU-tools-for-STM32/bin/../lib/gcc/arm-none-eabi/13.3.1/../../../../arm-none-eabi/lib/thumb/v7e-m+fp/hard/libg_nano.a(libc_a-sbrkr.o)
 .debug_info    0x00019188       0x25 /home/arshiyan-tarique/STM32CubeCLT/GNU-tools-for-STM32/bin/../lib/gcc/arm-none-eabi/13.3.1/../../../../arm-none-eabi/lib/thumb/v7e-m+fp/hard/libg_nano.a(libc_a-memchr.o)
 .debug_info    0x000191ad      0x121 /home/arshiyan-tarique/STM32CubeCLT/GNU-tools-for-STM32/bin/../lib/gcc/arm-none-eabi/13.3.1/../../../../arm-none-eabi/lib/thumb/v7e-m+fp/hard/libg_nano.a(libc_a-memcpy-stub.o)
 .debug_info    0x000192ce      0x8cd /home/arshiyan-tarique/STM32CubeCLT/GNU-tools-for-STM32/bin/../lib/gcc/arm-none-eabi/13.3.1/../../../../arm-none-eabi/lib/thumb/v7e-m+fp/hard/libg_nano.a(libc_a-reallocr.o)
 .debug_info    0x00019b9b      0x794 /home/arshiyan-tarique/STM32CubeCLT/GNU-tools-for-STM32/bin/../lib/gcc/arm-none-eabi/13.3.1/../../../../arm-none-eabi/lib/thumb/v7e-m+fp/hard/libg_nano.a(libc_a-msizer.o)

.debug_abbrev   0x00000000     0x45c3
 .debug_abbrev  0x00000000      0x11a cmake/stm32cubemx/CMakeFiles/STM32_Drivers.dir/__/__/Core/Src/system_stm32f3xx.c.obj
 .debug_abbrev  0x0000011a      0x247 cmake/stm32cubemx/CMakeFiles/STM32_Drivers.dir/__/__/Drivers/STM32F3xx_HAL_Driver/Src/stm32f3xx_ll_usb.c.obj
 .debug_abbrev  0x00000361      0x260 cmake/stm32cubemx/CMakeFiles/STM32_Drivers.dir/__/__/Drivers/STM32F3xx_HAL_Driver/Src/stm32f3xx_hal_i2c.c.obj
 .debug_abbrev  0x000005c1      0x1c2 cmake/stm32cubemx/CMakeFiles/STM32_Drivers.dir/__/__/Drivers/STM32F3xx_HAL_Driver/Src/stm32f3xx_hal_i2c_ex.c.obj
 .debug_abbrev  0x00000783      0x215 cmake/stm32cubemx/CMakeFiles/STM32_Drivers.dir/__/__/Drivers/STM32F3xx_HAL_Driver/Src/stm32f3xx_hal.c.obj
 .debug_abbrev  0x00000998      0x300 cmake/stm32cubemx/CMakeFiles/STM32_Drivers.dir/__/__/Drivers/STM32F3xx_HAL_Driver/Src/stm32f3xx_hal_rcc.c.obj
 .debug_abbrev  0x00000c98      0x221 cmake/stm32cubemx/CMakeFiles/STM32_Drivers.dir/__/__/Drivers/STM32F3xx_HAL_Driver/Src/stm32f3xx_hal_rcc_ex.c.obj
 .debug_abbrev  0x00000eb9      0x1ca cmake/stm32cubemx/CMakeFiles/STM32_Drivers.dir/__/__/Drivers/STM32F3xx_HAL_Driver/Src/stm32f3xx_hal_gpio.c.obj
 .debug_abbrev  0x00001083      0x20d cmake/stm32cubemx/CMakeFiles/STM32_Drivers.dir/__/__/Drivers/STM32F3xx_HAL_Driver/Src/stm32f3xx_hal_dma.c.obj
 .debug_abbrev  0x00001290      0x31e cmake/stm32cubemx/CMakeFiles/STM32_Drivers.dir/__/__/Drivers/STM32F3xx_HAL_Driver/Src/stm32f3xx_hal_cortex.c.obj
 .debug_abbrev  0x000015ae      0x269 cmake/stm32cubemx/CMakeFiles/STM32_Drivers.dir/__/__/Drivers/STM32F3xx_HAL_Driver/Src/stm32f3xx_hal_spi.c.obj
 .debug_abbrev  0x00001817      0x2d1 cmake/stm32cubemx/CMakeFiles/STM32_Drivers.dir/__/__/Drivers/STM32F3xx_HAL_Driver/Src/stm32f3xx_hal_uart.c.obj
 .debug_abbrev  0x00001ae8      0x2d9 cmake/stm32cubemx/CMakeFiles/STM32_Drivers.dir/__/__/Drivers/STM32F3xx_HAL_Driver/Src/stm32f3xx_hal_pcd.c.obj
 .debug_abbrev  0x00001dc1      0x306 CMakeFiles/LAB8_Task2.dir/Core/Src/main.c.obj
 .debug_abbrev  0x000020c7      0x17f CMakeFiles/LAB8_Task2.dir/Core/Src/stm32f3xx_it.c.obj
 .debug_abbrev  0x00002246      0x21c CMakeFiles/LAB8_Task2.dir/Core/Src/stm32f3xx_hal_msp.c.obj
 .debug_abbrev  0x00002462       0xbc CMakeFiles/LAB8_Task2.dir/Core/Src/sysmem.c.obj
 .debug_abbrev  0x0000251e       0x24 CMakeFiles/LAB8_Task2.dir/startup_stm32f303xc.s.obj
 .debug_abbrev  0x00002542      0x424 /home/arshiyan-tarique/STM32CubeCLT/GNU-tools-for-STM32/bin/../lib/gcc/arm-none-eabi/13.3.1/../../../../arm-none-eabi/lib/thumb/v7e-m+fp/hard/libg_nano.a(libc_a-findfp.o)
 .debug_abbrev  0x00002966      0x228 /home/arshiyan-tarique/STM32CubeCLT/GNU-tools-for-STM32/bin/../lib/gcc/arm-none-eabi/13.3.1/../../../../arm-none-eabi/lib/thumb/v7e-m+fp/hard/libg_nano.a(libc_a-vsnprintf.o)
 .debug_abbrev  0x00002b8e       0x9e /home/arshiyan-tarique/STM32CubeCLT/GNU-tools-for-STM32/bin/../lib/gcc/arm-none-eabi/13.3.1/../../../../arm-none-eabi/lib/thumb/v7e-m+fp/hard/libg_nano.a(libc_a-memset.o)
 .debug_abbrev  0x00002c2c      0x1f7 /home/arshiyan-tarique/STM32CubeCLT/GNU-tools-for-STM32/bin/../lib/gcc/arm-none-eabi/13.3.1/../../../../arm-none-eabi/lib/thumb/v7e-m+fp/hard/libg_nano.a(libc_a-reent.o)
 .debug_abbrev  0x00002e23      0x149 /home/arshiyan-tarique/STM32CubeCLT/GNU-tools-for-STM32/bin/../lib/gcc/arm-none-eabi/13.3.1/../../../../arm-none-eabi/lib/thumb/v7e-m+fp/hard/libg_nano.a(libc_a-impure.o)
 .debug_abbrev  0x00002f6c      0x15e /home/arshiyan-tarique/STM32CubeCLT/GNU-tools-for-STM32/bin/../lib/gcc/arm-none-eabi/13.3.1/../../../../arm-none-eabi/lib/thumb/v7e-m+fp/hard/libg_nano.a(libc_a-errno.o)
 .debug_abbrev  0x000030ca       0xc9 /home/arshiyan-tarique/STM32CubeCLT/GNU-tools-for-STM32/bin/../lib/gcc/arm-none-eabi/13.3.1/../../../../arm-none-eabi/lib/thumb/v7e-m+fp/hard/libg_nano.a(libc_a-init.o)
 .debug_abbrev  0x00003193      0x115 /home/arshiyan-tarique/STM32CubeCLT/GNU-tools-for-STM32/bin/../lib/gcc/arm-none-eabi/13.3.1/../../../../arm-none-eabi/lib/thumb/v7e-m+fp/hard/libg_nano.a(libc_a-lock.o)
 .debug_abbrev  0x000032a8       0x28 /home/arshiyan-tarique/STM32CubeCLT/GNU-tools-for-STM32/bin/../lib/gcc/arm-none-eabi/13.3.1/../../../../arm-none-eabi/lib/thumb/v7e-m+fp/hard/libg_nano.a(libc_a-strlen.o)
 .debug_abbrev  0x000032d0      0x236 /home/arshiyan-tarique/STM32CubeCLT/GNU-tools-for-STM32/bin/../lib/gcc/arm-none-eabi/13.3.1/../../../../arm-none-eabi/lib/thumb/v7e-m+fp/hard/libg_nano.a(libc_a-freer.o)
 .debug_abbrev  0x00003506      0x24a /home/arshiyan-tarique/STM32CubeCLT/GNU-tools-for-STM32/bin/../lib/gcc/arm-none-eabi/13.3.1/../../../../arm-none-eabi/lib/thumb/v7e-m+fp/hard/libg_nano.a(libc_a-mallocr.o)
 .debug_abbrev  0x00003750      0x1bf /home/arshiyan-tarique/STM32CubeCLT/GNU-tools-for-STM32/bin/../lib/gcc/arm-none-eabi/13.3.1/../../../../arm-none-eabi/lib/thumb/v7e-m+fp/hard/libg_nano.a(libc_a-mlock.o)
 .debug_abbrev  0x0000390f      0x31e /home/arshiyan-tarique/STM32CubeCLT/GNU-tools-for-STM32/bin/../lib/gcc/arm-none-eabi/13.3.1/../../../../arm-none-eabi/lib/thumb/v7e-m+fp/hard/libg_nano.a(libc_a-nano-svfprintf.o)
 .debug_abbrev  0x00003c2d      0x28e /home/arshiyan-tarique/STM32CubeCLT/GNU-tools-for-STM32/bin/../lib/gcc/arm-none-eabi/13.3.1/../../../../arm-none-eabi/lib/thumb/v7e-m+fp/hard/libg_nano.a(libc_a-nano-vfprintf_i.o)
 .debug_abbrev  0x00003ebb       0xac /home/arshiyan-tarique/STM32CubeCLT/GNU-tools-for-STM32/bin/../lib/gcc/arm-none-eabi/13.3.1/../../../../arm-none-eabi/lib/thumb/v7e-m+fp/hard/libg_nano.a(libc_a-memmove.o)
 .debug_abbrev  0x00003f67      0x1da /home/arshiyan-tarique/STM32CubeCLT/GNU-tools-for-STM32/bin/../lib/gcc/arm-none-eabi/13.3.1/../../../../arm-none-eabi/lib/thumb/v7e-m+fp/hard/libg_nano.a(libc_a-sbrkr.o)
 .debug_abbrev  0x00004141       0x14 /home/arshiyan-tarique/STM32CubeCLT/GNU-tools-for-STM32/bin/../lib/gcc/arm-none-eabi/13.3.1/../../../../arm-none-eabi/lib/thumb/v7e-m+fp/hard/libg_nano.a(libc_a-memchr.o)
 .debug_abbrev  0x00004155       0xc1 /home/arshiyan-tarique/STM32CubeCLT/GNU-tools-for-STM32/bin/../lib/gcc/arm-none-eabi/13.3.1/../../../../arm-none-eabi/lib/thumb/v7e-m+fp/hard/libg_nano.a(libc_a-memcpy-stub.o)
 .debug_abbrev  0x00004216      0x217 /home/arshiyan-tarique/STM32CubeCLT/GNU-tools-for-STM32/bin/../lib/gcc/arm-none-eabi/13.3.1/../../../../arm-none-eabi/lib/thumb/v7e-m+fp/hard/libg_nano.a(libc_a-reallocr.o)
 .debug_abbrev  0x0000442d      0x196 /home/arshiyan-tarique/STM32CubeCLT/GNU-tools-for-STM32/bin/../lib/gcc/arm-none-eabi/13.3.1/../../../../arm-none-eabi/lib/thumb/v7e-m+fp/hard/libg_nano.a(libc_a-msizer.o)

.debug_aranges  0x00000000     0x1190
 .debug_aranges
                0x00000000       0x28 cmake/stm32cubemx/CMakeFiles/STM32_Drivers.dir/__/__/Core/Src/system_stm32f3xx.c.obj
 .debug_aranges
                0x00000028       0xc8 cmake/stm32cubemx/CMakeFiles/STM32_Drivers.dir/__/__/Drivers/STM32F3xx_HAL_Driver/Src/stm32f3xx_ll_usb.c.obj
 .debug_aranges
                0x000000f0      0x2a0 cmake/stm32cubemx/CMakeFiles/STM32_Drivers.dir/__/__/Drivers/STM32F3xx_HAL_Driver/Src/stm32f3xx_hal_i2c.c.obj
 .debug_aranges
                0x00000390       0x48 cmake/stm32cubemx/CMakeFiles/STM32_Drivers.dir/__/__/Drivers/STM32F3xx_HAL_Driver/Src/stm32f3xx_hal_i2c_ex.c.obj
 .debug_aranges
                0x000003d8       0xe0 cmake/stm32cubemx/CMakeFiles/STM32_Drivers.dir/__/__/Drivers/STM32F3xx_HAL_Driver/Src/stm32f3xx_hal.c.obj
 .debug_aranges
                0x000004b8       0x88 cmake/stm32cubemx/CMakeFiles/STM32_Drivers.dir/__/__/Drivers/STM32F3xx_HAL_Driver/Src/stm32f3xx_hal_rcc.c.obj
 .debug_aranges
                0x00000540       0x38 cmake/stm32cubemx/CMakeFiles/STM32_Drivers.dir/__/__/Drivers/STM32F3xx_HAL_Driver/Src/stm32f3xx_hal_rcc_ex.c.obj
 .debug_aranges
                0x00000578       0x58 cmake/stm32cubemx/CMakeFiles/STM32_Drivers.dir/__/__/Drivers/STM32F3xx_HAL_Driver/Src/stm32f3xx_hal_gpio.c.obj
 .debug_aranges
                0x000005d0       0x88 cmake/stm32cubemx/CMakeFiles/STM32_Drivers.dir/__/__/Drivers/STM32F3xx_HAL_Driver/Src/stm32f3xx_hal_dma.c.obj
 .debug_aranges
                0x00000658      0x128 cmake/stm32cubemx/CMakeFiles/STM32_Drivers.dir/__/__/Drivers/STM32F3xx_HAL_Driver/Src/stm32f3xx_hal_cortex.c.obj
 .debug_aranges
                0x00000780      0x1d8 cmake/stm32cubemx/CMakeFiles/STM32_Drivers.dir/__/__/Drivers/STM32F3xx_HAL_Driver/Src/stm32f3xx_hal_spi.c.obj
 .debug_aranges
                0x00000958      0x228 cmake/stm32cubemx/CMakeFiles/STM32_Drivers.dir/__/__/Drivers/STM32F3xx_HAL_Driver/Src/stm32f3xx_hal_uart.c.obj
 .debug_aranges
                0x00000b80      0x140 cmake/stm32cubemx/CMakeFiles/STM32_Drivers.dir/__/__/Drivers/STM32F3xx_HAL_Driver/Src/stm32f3xx_hal_pcd.c.obj
 .debug_aranges
                0x00000cc0       0x78 CMakeFiles/LAB8_Task2.dir/Core/Src/main.c.obj
 .debug_aranges
                0x00000d38       0x68 CMakeFiles/LAB8_Task2.dir/Core/Src/stm32f3xx_it.c.obj
 .debug_aranges
                0x00000da0       0x60 CMakeFiles/LAB8_Task2.dir/Core/Src/stm32f3xx_hal_msp.c.obj
 .debug_aranges
                0x00000e00       0x20 CMakeFiles/LAB8_Task2.dir/Core/Src/sysmem.c.obj
 .debug_aranges
                0x00000e20       0x28 CMakeFiles/LAB8_Task2.dir/startup_stm32f303xc.s.obj
 .debug_aranges
                0x00000e48       0x78 /home/arshiyan-tarique/STM32CubeCLT/GNU-tools-for-STM32/bin/../lib/gcc/arm-none-eabi/13.3.1/../../../../arm-none-eabi/lib/thumb/v7e-m+fp/hard/libg_nano.a(libc_a-findfp.o)
 .debug_aranges
                0x00000ec0       0x28 /home/arshiyan-tarique/STM32CubeCLT/GNU-tools-for-STM32/bin/../lib/gcc/arm-none-eabi/13.3.1/../../../../arm-none-eabi/lib/thumb/v7e-m+fp/hard/libg_nano.a(libc_a-vsnprintf.o)
 .debug_aranges
                0x00000ee8       0x20 /home/arshiyan-tarique/STM32CubeCLT/GNU-tools-for-STM32/bin/../lib/gcc/arm-none-eabi/13.3.1/../../../../arm-none-eabi/lib/thumb/v7e-m+fp/hard/libg_nano.a(libc_a-memset.o)
 .debug_aranges
                0x00000f08       0x20 /home/arshiyan-tarique/STM32CubeCLT/GNU-tools-for-STM32/bin/../lib/gcc/arm-none-eabi/13.3.1/../../../../arm-none-eabi/lib/thumb/v7e-m+fp/hard/libg_nano.a(libc_a-reent.o)
 .debug_aranges
                0x00000f28       0x18 /home/arshiyan-tarique/STM32CubeCLT/GNU-tools-for-STM32/bin/../lib/gcc/arm-none-eabi/13.3.1/../../../../arm-none-eabi/lib/thumb/v7e-m+fp/hard/libg_nano.a(libc_a-impure.o)
 .debug_aranges
                0x00000f40       0x20 /home/arshiyan-tarique/STM32CubeCLT/GNU-tools-for-STM32/bin/../lib/gcc/arm-none-eabi/13.3.1/../../../../arm-none-eabi/lib/thumb/v7e-m+fp/hard/libg_nano.a(libc_a-errno.o)
 .debug_aranges
                0x00000f60       0x20 /home/arshiyan-tarique/STM32CubeCLT/GNU-tools-for-STM32/bin/../lib/gcc/arm-none-eabi/13.3.1/../../../../arm-none-eabi/lib/thumb/v7e-m+fp/hard/libg_nano.a(libc_a-init.o)
 .debug_aranges
                0x00000f80       0x68 /home/arshiyan-tarique/STM32CubeCLT/GNU-tools-for-STM32/bin/../lib/gcc/arm-none-eabi/13.3.1/../../../../arm-none-eabi/lib/thumb/v7e-m+fp/hard/libg_nano.a(libc_a-lock.o)
 .debug_aranges
                0x00000fe8       0x20 /home/arshiyan-tarique/STM32CubeCLT/GNU-tools-for-STM32/bin/../lib/gcc/arm-none-eabi/13.3.1/../../../../arm-none-eabi/lib/thumb/v7e-m+fp/hard/libg_nano.a(libc_a-strlen.o)
 .debug_aranges
                0x00001008       0x20 /home/arshiyan-tarique/STM32CubeCLT/GNU-tools-for-STM32/bin/../lib/gcc/arm-none-eabi/13.3.1/../../../../arm-none-eabi/lib/thumb/v7e-m+fp/hard/libg_nano.a(libc_a-freer.o)
 .debug_aranges
                0x00001028       0x28 /home/arshiyan-tarique/STM32CubeCLT/GNU-tools-for-STM32/bin/../lib/gcc/arm-none-eabi/13.3.1/../../../../arm-none-eabi/lib/thumb/v7e-m+fp/hard/libg_nano.a(libc_a-mallocr.o)
 .debug_aranges
                0x00001050       0x28 /home/arshiyan-tarique/STM32CubeCLT/GNU-tools-for-STM32/bin/../lib/gcc/arm-none-eabi/13.3.1/../../../../arm-none-eabi/lib/thumb/v7e-m+fp/hard/libg_nano.a(libc_a-mlock.o)
 .debug_aranges
                0x00001078       0x30 /home/arshiyan-tarique/STM32CubeCLT/GNU-tools-for-STM32/bin/../lib/gcc/arm-none-eabi/13.3.1/../../../../arm-none-eabi/lib/thumb/v7e-m+fp/hard/libg_nano.a(libc_a-nano-svfprintf.o)
 .debug_aranges
                0x000010a8       0x28 /home/arshiyan-tarique/STM32CubeCLT/GNU-tools-for-STM32/bin/../lib/gcc/arm-none-eabi/13.3.1/../../../../arm-none-eabi/lib/thumb/v7e-m+fp/hard/libg_nano.a(libc_a-nano-vfprintf_i.o)
 .debug_aranges
                0x000010d0       0x20 /home/arshiyan-tarique/STM32CubeCLT/GNU-tools-for-STM32/bin/../lib/gcc/arm-none-eabi/13.3.1/../../../../arm-none-eabi/lib/thumb/v7e-m+fp/hard/libg_nano.a(libc_a-memmove.o)
 .debug_aranges
                0x000010f0       0x20 /home/arshiyan-tarique/STM32CubeCLT/GNU-tools-for-STM32/bin/../lib/gcc/arm-none-eabi/13.3.1/../../../../arm-none-eabi/lib/thumb/v7e-m+fp/hard/libg_nano.a(libc_a-sbrkr.o)
 .debug_aranges
                0x00001110       0x20 /home/arshiyan-tarique/STM32CubeCLT/GNU-tools-for-STM32/bin/../lib/gcc/arm-none-eabi/13.3.1/../../../../arm-none-eabi/lib/thumb/v7e-m+fp/hard/libg_nano.a(libc_a-memchr.o)
 .debug_aranges
                0x00001130       0x20 /home/arshiyan-tarique/STM32CubeCLT/GNU-tools-for-STM32/bin/../lib/gcc/arm-none-eabi/13.3.1/../../../../arm-none-eabi/lib/thumb/v7e-m+fp/hard/libg_nano.a(libc_a-memcpy-stub.o)
 .debug_aranges
                0x00001150       0x20 /home/arshiyan-tarique/STM32CubeCLT/GNU-tools-for-STM32/bin/../lib/gcc/arm-none-eabi/13.3.1/../../../../arm-none-eabi/lib/thumb/v7e-m+fp/hard/libg_nano.a(libc_a-reallocr.o)
 .debug_aranges
                0x00001170       0x20 /home/arshiyan-tarique/STM32CubeCLT/GNU-tools-for-STM32/bin/../lib/gcc/arm-none-eabi/13.3.1/../../../../arm-none-eabi/lib/thumb/v7e-m+fp/hard/libg_nano.a(libc_a-msizer.o)

.debug_rnglists
                0x00000000      0xdc1
 .debug_rnglists
                0x00000000       0x1a cmake/stm32cubemx/CMakeFiles/STM32_Drivers.dir/__/__/Core/Src/system_stm32f3xx.c.obj
 .debug_rnglists
                0x0000001a       0x99 cmake/stm32cubemx/CMakeFiles/STM32_Drivers.dir/__/__/Drivers/STM32F3xx_HAL_Driver/Src/stm32f3xx_ll_usb.c.obj
 .debug_rnglists
                0x000000b3      0x228 cmake/stm32cubemx/CMakeFiles/STM32_Drivers.dir/__/__/Drivers/STM32F3xx_HAL_Driver/Src/stm32f3xx_hal_i2c.c.obj
 .debug_rnglists
                0x000002db       0x35 cmake/stm32cubemx/CMakeFiles/STM32_Drivers.dir/__/__/Drivers/STM32F3xx_HAL_Driver/Src/stm32f3xx_hal_i2c_ex.c.obj
 .debug_rnglists
                0x00000310       0xa3 cmake/stm32cubemx/CMakeFiles/STM32_Drivers.dir/__/__/Drivers/STM32F3xx_HAL_Driver/Src/stm32f3xx_hal.c.obj
 .debug_rnglists
                0x000003b3       0x66 cmake/stm32cubemx/CMakeFiles/STM32_Drivers.dir/__/__/Drivers/STM32F3xx_HAL_Driver/Src/stm32f3xx_hal_rcc.c.obj
 .debug_rnglists
                0x00000419       0x28 cmake/stm32cubemx/CMakeFiles/STM32_Drivers.dir/__/__/Drivers/STM32F3xx_HAL_Driver/Src/stm32f3xx_hal_rcc_ex.c.obj
 .debug_rnglists
                0x00000441       0x3f cmake/stm32cubemx/CMakeFiles/STM32_Drivers.dir/__/__/Drivers/STM32F3xx_HAL_Driver/Src/stm32f3xx_hal_gpio.c.obj
 .debug_rnglists
                0x00000480       0x69 cmake/stm32cubemx/CMakeFiles/STM32_Drivers.dir/__/__/Drivers/STM32F3xx_HAL_Driver/Src/stm32f3xx_hal_dma.c.obj
 .debug_rnglists
                0x000004e9       0xda cmake/stm32cubemx/CMakeFiles/STM32_Drivers.dir/__/__/Drivers/STM32F3xx_HAL_Driver/Src/stm32f3xx_hal_cortex.c.obj
 .debug_rnglists
                0x000005c3      0x178 cmake/stm32cubemx/CMakeFiles/STM32_Drivers.dir/__/__/Drivers/STM32F3xx_HAL_Driver/Src/stm32f3xx_hal_spi.c.obj
 .debug_rnglists
                0x0000073b      0x1da cmake/stm32cubemx/CMakeFiles/STM32_Drivers.dir/__/__/Drivers/STM32F3xx_HAL_Driver/Src/stm32f3xx_hal_uart.c.obj
 .debug_rnglists
                0x00000915       0xf4 cmake/stm32cubemx/CMakeFiles/STM32_Drivers.dir/__/__/Drivers/STM32F3xx_HAL_Driver/Src/stm32f3xx_hal_pcd.c.obj
 .debug_rnglists
                0x00000a09       0x59 CMakeFiles/LAB8_Task2.dir/Core/Src/main.c.obj
 .debug_rnglists
                0x00000a62       0x49 CMakeFiles/LAB8_Task2.dir/Core/Src/stm32f3xx_it.c.obj
 .debug_rnglists
                0x00000aab       0x47 CMakeFiles/LAB8_Task2.dir/Core/Src/stm32f3xx_hal_msp.c.obj
 .debug_rnglists
                0x00000af2       0x13 CMakeFiles/LAB8_Task2.dir/Core/Src/sysmem.c.obj
 .debug_rnglists
                0x00000b05       0x19 CMakeFiles/LAB8_Task2.dir/startup_stm32f303xc.s.obj
 .debug_rnglists
                0x00000b1e       0x7a /home/arshiyan-tarique/STM32CubeCLT/GNU-tools-for-STM32/bin/../lib/gcc/arm-none-eabi/13.3.1/../../../../arm-none-eabi/lib/thumb/v7e-m+fp/hard/libg_nano.a(libc_a-findfp.o)
 .debug_rnglists
                0x00000b98       0x19 /home/arshiyan-tarique/STM32CubeCLT/GNU-tools-for-STM32/bin/../lib/gcc/arm-none-eabi/13.3.1/../../../../arm-none-eabi/lib/thumb/v7e-m+fp/hard/libg_nano.a(libc_a-vsnprintf.o)
 .debug_rnglists
                0x00000bb1       0x13 /home/arshiyan-tarique/STM32CubeCLT/GNU-tools-for-STM32/bin/../lib/gcc/arm-none-eabi/13.3.1/../../../../arm-none-eabi/lib/thumb/v7e-m+fp/hard/libg_nano.a(libc_a-memset.o)
 .debug_rnglists
                0x00000bc4       0x2c /home/arshiyan-tarique/STM32CubeCLT/GNU-tools-for-STM32/bin/../lib/gcc/arm-none-eabi/13.3.1/../../../../arm-none-eabi/lib/thumb/v7e-m+fp/hard/libg_nano.a(libc_a-reent.o)
 .debug_rnglists
                0x00000bf0       0x13 /home/arshiyan-tarique/STM32CubeCLT/GNU-tools-for-STM32/bin/../lib/gcc/arm-none-eabi/13.3.1/../../../../arm-none-eabi/lib/thumb/v7e-m+fp/hard/libg_nano.a(libc_a-errno.o)
 .debug_rnglists
                0x00000c03       0x13 /home/arshiyan-tarique/STM32CubeCLT/GNU-tools-for-STM32/bin/../lib/gcc/arm-none-eabi/13.3.1/../../../../arm-none-eabi/lib/thumb/v7e-m+fp/hard/libg_nano.a(libc_a-init.o)
 .debug_rnglists
                0x00000c16       0x49 /home/arshiyan-tarique/STM32CubeCLT/GNU-tools-for-STM32/bin/../lib/gcc/arm-none-eabi/13.3.1/../../../../arm-none-eabi/lib/thumb/v7e-m+fp/hard/libg_nano.a(libc_a-lock.o)
 .debug_rnglists
                0x00000c5f       0x14 /home/arshiyan-tarique/STM32CubeCLT/GNU-tools-for-STM32/bin/../lib/gcc/arm-none-eabi/13.3.1/../../../../arm-none-eabi/lib/thumb/v7e-m+fp/hard/libg_nano.a(libc_a-freer.o)
 .debug_rnglists
                0x00000c73       0x2c /home/arshiyan-tarique/STM32CubeCLT/GNU-tools-for-STM32/bin/../lib/gcc/arm-none-eabi/13.3.1/../../../../arm-none-eabi/lib/thumb/v7e-m+fp/hard/libg_nano.a(libc_a-mallocr.o)
 .debug_rnglists
                0x00000c9f       0x19 /home/arshiyan-tarique/STM32CubeCLT/GNU-tools-for-STM32/bin/../lib/gcc/arm-none-eabi/13.3.1/../../../../arm-none-eabi/lib/thumb/v7e-m+fp/hard/libg_nano.a(libc_a-mlock.o)
 .debug_rnglists
                0x00000cb8       0x44 /home/arshiyan-tarique/STM32CubeCLT/GNU-tools-for-STM32/bin/../lib/gcc/arm-none-eabi/13.3.1/../../../../arm-none-eabi/lib/thumb/v7e-m+fp/hard/libg_nano.a(libc_a-nano-svfprintf.o)
 .debug_rnglists
                0x00000cfc       0x66 /home/arshiyan-tarique/STM32CubeCLT/GNU-tools-for-STM32/bin/../lib/gcc/arm-none-eabi/13.3.1/../../../../arm-none-eabi/lib/thumb/v7e-m+fp/hard/libg_nano.a(libc_a-nano-vfprintf_i.o)
 .debug_rnglists
                0x00000d62       0x13 /home/arshiyan-tarique/STM32CubeCLT/GNU-tools-for-STM32/bin/../lib/gcc/arm-none-eabi/13.3.1/../../../../arm-none-eabi/lib/thumb/v7e-m+fp/hard/libg_nano.a(libc_a-memmove.o)
 .debug_rnglists
                0x00000d75       0x13 /home/arshiyan-tarique/STM32CubeCLT/GNU-tools-for-STM32/bin/../lib/gcc/arm-none-eabi/13.3.1/../../../../arm-none-eabi/lib/thumb/v7e-m+fp/hard/libg_nano.a(libc_a-sbrkr.o)
 .debug_rnglists
                0x00000d88       0x13 /home/arshiyan-tarique/STM32CubeCLT/GNU-tools-for-STM32/bin/../lib/gcc/arm-none-eabi/13.3.1/../../../../arm-none-eabi/lib/thumb/v7e-m+fp/hard/libg_nano.a(libc_a-memcpy-stub.o)
 .debug_rnglists
                0x00000d9b       0x13 /home/arshiyan-tarique/STM32CubeCLT/GNU-tools-for-STM32/bin/../lib/gcc/arm-none-eabi/13.3.1/../../../../arm-none-eabi/lib/thumb/v7e-m+fp/hard/libg_nano.a(libc_a-reallocr.o)
 .debug_rnglists
                0x00000dae       0x13 /home/arshiyan-tarique/STM32CubeCLT/GNU-tools-for-STM32/bin/../lib/gcc/arm-none-eabi/13.3.1/../../../../arm-none-eabi/lib/thumb/v7e-m+fp/hard/libg_nano.a(libc_a-msizer.o)

.debug_macro    0x00000000    0x1e625
 .debug_macro   0x00000000      0x1fc cmake/stm32cubemx/CMakeFiles/STM32_Drivers.dir/__/__/Core/Src/system_stm32f3xx.c.obj
 .debug_macro   0x000001fc      0xad8 cmake/stm32cubemx/CMakeFiles/STM32_Drivers.dir/__/__/Core/Src/system_stm32f3xx.c.obj
 .debug_macro   0x00000cd4       0x2e cmake/stm32cubemx/CMakeFiles/STM32_Drivers.dir/__/__/Core/Src/system_stm32f3xx.c.obj
 .debug_macro   0x00000d02       0x28 cmake/stm32cubemx/CMakeFiles/STM32_Drivers.dir/__/__/Core/Src/system_stm32f3xx.c.obj
 .debug_macro   0x00000d2a       0x22 cmake/stm32cubemx/CMakeFiles/STM32_Drivers.dir/__/__/Core/Src/system_stm32f3xx.c.obj
 .debug_macro   0x00000d4c       0x8e cmake/stm32cubemx/CMakeFiles/STM32_Drivers.dir/__/__/Core/Src/system_stm32f3xx.c.obj
 .debug_macro   0x00000dda       0x51 cmake/stm32cubemx/CMakeFiles/STM32_Drivers.dir/__/__/Core/Src/system_stm32f3xx.c.obj
 .debug_macro   0x00000e2b      0x103 cmake/stm32cubemx/CMakeFiles/STM32_Drivers.dir/__/__/Core/Src/system_stm32f3xx.c.obj
 .debug_macro   0x00000f2e       0x6a cmake/stm32cubemx/CMakeFiles/STM32_Drivers.dir/__/__/Core/Src/system_stm32f3xx.c.obj
 .debug_macro   0x00000f98      0x1df cmake/stm32cubemx/CMakeFiles/STM32_Drivers.dir/__/__/Core/Src/system_stm32f3xx.c.obj
 .debug_macro   0x00001177       0x1c cmake/stm32cubemx/CMakeFiles/STM32_Drivers.dir/__/__/Core/Src/system_stm32f3xx.c.obj
 .debug_macro   0x00001193       0x22 cmake/stm32cubemx/CMakeFiles/STM32_Drivers.dir/__/__/Core/Src/system_stm32f3xx.c.obj
 .debug_macro   0x000011b5       0xd9 cmake/stm32cubemx/CMakeFiles/STM32_Drivers.dir/__/__/Core/Src/system_stm32f3xx.c.obj
 .debug_macro   0x0000128e     0x102d cmake/stm32cubemx/CMakeFiles/STM32_Drivers.dir/__/__/Core/Src/system_stm32f3xx.c.obj
 .debug_macro   0x000022bb      0x11f cmake/stm32cubemx/CMakeFiles/STM32_Drivers.dir/__/__/Core/Src/system_stm32f3xx.c.obj
 .debug_macro   0x000023da    0x12a3a cmake/stm32cubemx/CMakeFiles/STM32_Drivers.dir/__/__/Core/Src/system_stm32f3xx.c.obj
 .debug_macro   0x00014e14       0x6d cmake/stm32cubemx/CMakeFiles/STM32_Drivers.dir/__/__/Core/Src/system_stm32f3xx.c.obj
 .debug_macro   0x00014e81      0x164 cmake/stm32cubemx/CMakeFiles/STM32_Drivers.dir/__/__/Core/Src/system_stm32f3xx.c.obj
 .debug_macro   0x00014fe5     0x3574 cmake/stm32cubemx/CMakeFiles/STM32_Drivers.dir/__/__/Core/Src/system_stm32f3xx.c.obj
 .debug_macro   0x00018559      0x190 cmake/stm32cubemx/CMakeFiles/STM32_Drivers.dir/__/__/Core/Src/system_stm32f3xx.c.obj
 .debug_macro   0x000186e9       0x55 cmake/stm32cubemx/CMakeFiles/STM32_Drivers.dir/__/__/Core/Src/system_stm32f3xx.c.obj
 .debug_macro   0x0001873e      0x961 cmake/stm32cubemx/CMakeFiles/STM32_Drivers.dir/__/__/Core/Src/system_stm32f3xx.c.obj
 .debug_macro   0x0001909f      0x5fe cmake/stm32cubemx/CMakeFiles/STM32_Drivers.dir/__/__/Core/Src/system_stm32f3xx.c.obj
 .debug_macro   0x0001969d      0x1b5 cmake/stm32cubemx/CMakeFiles/STM32_Drivers.dir/__/__/Core/Src/system_stm32f3xx.c.obj
 .debug_macro   0x00019852      0x1fb cmake/stm32cubemx/CMakeFiles/STM32_Drivers.dir/__/__/Core/Src/system_stm32f3xx.c.obj
 .debug_macro   0x00019a4d      0x1dc cmake/stm32cubemx/CMakeFiles/STM32_Drivers.dir/__/__/Core/Src/system_stm32f3xx.c.obj
 .debug_macro   0x00019c29      0x1bc cmake/stm32cubemx/CMakeFiles/STM32_Drivers.dir/__/__/Core/Src/system_stm32f3xx.c.obj
 .debug_macro   0x00019de5       0x30 cmake/stm32cubemx/CMakeFiles/STM32_Drivers.dir/__/__/Core/Src/system_stm32f3xx.c.obj
 .debug_macro   0x00019e15       0x3c cmake/stm32cubemx/CMakeFiles/STM32_Drivers.dir/__/__/Core/Src/system_stm32f3xx.c.obj
 .debug_macro   0x00019e51      0x235 cmake/stm32cubemx/CMakeFiles/STM32_Drivers.dir/__/__/Core/Src/system_stm32f3xx.c.obj
 .debug_macro   0x0001a086       0xc5 cmake/stm32cubemx/CMakeFiles/STM32_Drivers.dir/__/__/Core/Src/system_stm32f3xx.c.obj
 .debug_macro   0x0001a14b      0x21d cmake/stm32cubemx/CMakeFiles/STM32_Drivers.dir/__/__/Core/Src/system_stm32f3xx.c.obj
 .debug_macro   0x0001a368      0x22c cmake/stm32cubemx/CMakeFiles/STM32_Drivers.dir/__/__/Core/Src/system_stm32f3xx.c.obj
 .debug_macro   0x0001a594       0x5b cmake/stm32cubemx/CMakeFiles/STM32_Drivers.dir/__/__/Core/Src/system_stm32f3xx.c.obj
 .debug_macro   0x0001a5ef       0xa5 cmake/stm32cubemx/CMakeFiles/STM32_Drivers.dir/__/__/Core/Src/system_stm32f3xx.c.obj
 .debug_macro   0x0001a694       0x73 cmake/stm32cubemx/CMakeFiles/STM32_Drivers.dir/__/__/Core/Src/system_stm32f3xx.c.obj
 .debug_macro   0x0001a707      0x242 cmake/stm32cubemx/CMakeFiles/STM32_Drivers.dir/__/__/Core/Src/system_stm32f3xx.c.obj
 .debug_macro   0x0001a949       0x81 cmake/stm32cubemx/CMakeFiles/STM32_Drivers.dir/__/__/Core/Src/system_stm32f3xx.c.obj
 .debug_macro   0x0001a9ca       0xd3 cmake/stm32cubemx/CMakeFiles/STM32_Drivers.dir/__/__/Core/Src/system_stm32f3xx.c.obj
 .debug_macro   0x0001aa9d      0x2fe cmake/stm32cubemx/CMakeFiles/STM32_Drivers.dir/__/__/Core/Src/system_stm32f3xx.c.obj
 .debug_macro   0x0001ad9b      0x5ba cmake/stm32cubemx/CMakeFiles/STM32_Drivers.dir/__/__/Core/Src/system_stm32f3xx.c.obj
 .debug_macro   0x0001b355       0x3e cmake/stm32cubemx/CMakeFiles/STM32_Drivers.dir/__/__/Core/Src/system_stm32f3xx.c.obj
 .debug_macro   0x0001b393      0x275 cmake/stm32cubemx/CMakeFiles/STM32_Drivers.dir/__/__/Core/Src/system_stm32f3xx.c.obj
 .debug_macro   0x0001b608      0x1fc cmake/stm32cubemx/CMakeFiles/STM32_Drivers.dir/__/__/Drivers/STM32F3xx_HAL_Driver/Src/stm32f3xx_ll_usb.c.obj
 .debug_macro   0x0001b804      0x2c8 cmake/stm32cubemx/CMakeFiles/STM32_Drivers.dir/__/__/Drivers/STM32F3xx_HAL_Driver/Src/stm32f3xx_hal_i2c.c.obj
 .debug_macro   0x0001bacc      0x1fc cmake/stm32cubemx/CMakeFiles/STM32_Drivers.dir/__/__/Drivers/STM32F3xx_HAL_Driver/Src/stm32f3xx_hal_i2c_ex.c.obj
 .debug_macro   0x0001bcc8      0x220 cmake/stm32cubemx/CMakeFiles/STM32_Drivers.dir/__/__/Drivers/STM32F3xx_HAL_Driver/Src/stm32f3xx_hal.c.obj
 .debug_macro   0x0001bee8      0x220 cmake/stm32cubemx/CMakeFiles/STM32_Drivers.dir/__/__/Drivers/STM32F3xx_HAL_Driver/Src/stm32f3xx_hal_rcc.c.obj
 .debug_macro   0x0001c108      0x1fc cmake/stm32cubemx/CMakeFiles/STM32_Drivers.dir/__/__/Drivers/STM32F3xx_HAL_Driver/Src/stm32f3xx_hal_rcc_ex.c.obj
 .debug_macro   0x0001c304      0x203 cmake/stm32cubemx/CMakeFiles/STM32_Drivers.dir/__/__/Drivers/STM32F3xx_HAL_Driver/Src/stm32f3xx_hal_gpio.c.obj
 .debug_macro   0x0001c507      0x1fc cmake/stm32cubemx/CMakeFiles/STM32_Drivers.dir/__/__/Drivers/STM32F3xx_HAL_Driver/Src/stm32f3xx_hal_dma.c.obj
 .debug_macro   0x0001c703      0x1fc cmake/stm32cubemx/CMakeFiles/STM32_Drivers.dir/__/__/Drivers/STM32F3xx_HAL_Driver/Src/stm32f3xx_hal_cortex.c.obj
 .debug_macro   0x0001c8ff      0x204 cmake/stm32cubemx/CMakeFiles/STM32_Drivers.dir/__/__/Drivers/STM32F3xx_HAL_Driver/Src/stm32f3xx_hal_spi.c.obj
 .debug_macro   0x0001cb03      0x219 cmake/stm32cubemx/CMakeFiles/STM32_Drivers.dir/__/__/Drivers/STM32F3xx_HAL_Driver/Src/stm32f3xx_hal_uart.c.obj
 .debug_macro   0x0001cd1c      0x208 cmake/stm32cubemx/CMakeFiles/STM32_Drivers.dir/__/__/Drivers/STM32F3xx_HAL_Driver/Src/stm32f3xx_hal_pcd.c.obj
 .debug_macro   0x0001cf24      0x30a CMakeFiles/LAB8_Task2.dir/Core/Src/main.c.obj
 .debug_macro   0x0001d22e      0x154 CMakeFiles/LAB8_Task2.dir/Core/Src/main.c.obj
 .debug_macro   0x0001d382       0x58 CMakeFiles/LAB8_Task2.dir/Core/Src/main.c.obj
 .debug_macro   0x0001d3da       0x74 CMakeFiles/LAB8_Task2.dir/Core/Src/main.c.obj